---------------------------------------
Begin PBS Prologue Sat Oct 16 15:46:04 EDT 2021
Job ID:     174343.sched-coc-ice.pace.gatech.edu
User ID:    ssangle6
Job name:   omp-example-4t.pbs
Queue:      coc-ice
End PBS Prologue Sat Oct 16 15:46:04 EDT 2021
---------------------------------------
rm -rf *.o *.dSYM mp1 mp2 baseline
gcc -c -g -std=gnu99 -I. -Wall -fopenmp harness.c -o harness.o
gcc -g -std=gnu99 -I. -Wall -fopenmp -o mp1 gtmp1.c harness.o -lgomp -lm
gcc -g -std=gnu99 -I. -Wall -fopenmp -o mp2 gtmp2.c harness.o -lgomp -lm
[HARNESS main] Starting harness with 4 threads and 100 barriers.
[HARNESS 0] Starting thread out of 4.
[HARNESS 3] Starting thread out of 4.
[HARNESS 1] Starting thread out of 4.
[HARNESS 3] Barrier 0 started.
[HARNESS 1] Barrier 0 started.
[HARNESS 0] Barrier 0 started.
[HARNESS 2] Starting thread out of 4.
[HARNESS 2] Barrier 0 started.
[HARNESS 2] Barrier 0 ended.
[HARNESS 2] Barrier 1 started.
[HARNESS 1] Barrier 0 ended.
[HARNESS 3] Barrier 0 ended.
[HARNESS 1] Barrier 1 started.
[HARNESS 3] Barrier 1 started.
[HARNESS 0] Barrier 0 ended.
[HARNESS 0] Barrier 1 started.
[HARNESS 0] Barrier 1 ended.
[HARNESS 2] Barrier 1 ended.
[HARNESS 3] Barrier 1 ended.
[HARNESS 2] Barrier 2 started.
[HARNESS 3] Barrier 2 started.
[HARNESS 0] Barrier 2 started.
[HARNESS 1] Barrier 1 ended.
[HARNESS 1] Barrier 2 started.
[HARNESS 1] Barrier 2 ended.
[HARNESS 3] Barrier 2 ended.
[HARNESS 2] Barrier 2 ended.
[HARNESS 2] Barrier 3 started.
[HARNESS 3] Barrier 3 started.
[HARNESS 1] Barrier 3 started.
[HARNESS 0] Barrier 2 ended.
[HARNESS 0] Barrier 3 started.
[HARNESS 0] Barrier 3 ended.
[HARNESS 1] Barrier 3 ended.
[HARNESS 2] Barrier 3 ended.
[HARNESS 0] Barrier 4 started.
[HARNESS 2] Barrier 4 started.
[HARNESS 1] Barrier 4 started.
[HARNESS 3] Barrier 3 ended.
[HARNESS 3] Barrier 4 started.
[HARNESS 3] Barrier 4 ended.
[HARNESS 2] Barrier 4 ended.
[HARNESS 2] Barrier 5 started.
[HARNESS 0] Barrier 4 ended.
[HARNESS 1] Barrier 4 ended.
[HARNESS 1] Barrier 5 started.
[HARNESS 0] Barrier 5 started.
[HARNESS 3] Barrier 5 started.
[HARNESS 3] Barrier 5 ended.
[HARNESS 2] Barrier 5 ended.
[HARNESS 2] Barrier 6 started.
[HARNESS 1] Barrier 5 ended.
[HARNESS 3] Barrier 6 started.
[HARNESS 0] Barrier 5 ended.
[HARNESS 1] Barrier 6 started.
[HARNESS 0] Barrier 6 started.
[HARNESS 0] Barrier 6 ended.
[HARNESS 3] Barrier 6 ended.
[HARNESS 1] Barrier 6 ended.
[HARNESS 2] Barrier 6 ended.
[HARNESS 1] Barrier 7 started.
[HARNESS 2] Barrier 7 started.
[HARNESS 3] Barrier 7 started.
[HARNESS 0] Barrier 7 started.
[HARNESS 0] Barrier 7 ended.
[HARNESS 3] Barrier 7 ended.
[HARNESS 3] Barrier 8 started.
[HARNESS 2] Barrier 7 ended.
[HARNESS 1] Barrier 7 ended.
[HARNESS 2] Barrier 8 started.
[HARNESS 0] Barrier 8 started.
[HARNESS 1] Barrier 8 started.
[HARNESS 1] Barrier 8 ended.
[HARNESS 3] Barrier 8 ended.
[HARNESS 2] Barrier 8 ended.
[HARNESS 1] Barrier 9 started.
[HARNESS 2] Barrier 9 started.
[HARNESS 3] Barrier 9 started.
[HARNESS 0] Barrier 8 ended.
[HARNESS 0] Barrier 9 started.
[HARNESS 1] Barrier 9 ended.
[HARNESS 0] Barrier 9 ended.
[HARNESS 0] Barrier 10 started.
[HARNESS 3] Barrier 9 ended.
[HARNESS 3] Barrier 10 started.
[HARNESS 1] Barrier 10 started.
[HARNESS 2] Barrier 9 ended.
[HARNESS 2] Barrier 10 started.
[HARNESS 2] Barrier 10 ended.
[HARNESS 0] Barrier 10 ended.
[HARNESS 3] Barrier 10 ended.
[HARNESS 0] Barrier 11 started.
[HARNESS 3] Barrier 11 started.
[HARNESS 2] Barrier 11 started.
[HARNESS 1] Barrier 10 ended.
[HARNESS 1] Barrier 11 started.
[HARNESS 1] Barrier 11 ended.
[HARNESS 3] Barrier 11 ended.
[HARNESS 0] Barrier 11 ended.
[HARNESS 3] Barrier 12 started.
[HARNESS 0] Barrier 12 started.
[HARNESS 1] Barrier 12 started.
[HARNESS 2] Barrier 11 ended.
[HARNESS 2] Barrier 12 started.
[HARNESS 2] Barrier 12 ended.
[HARNESS 3] Barrier 12 ended.
[HARNESS 0] Barrier 12 ended.
[HARNESS 1] Barrier 12 ended.
[HARNESS 0] Barrier 13 started.
[HARNESS 1] Barrier 13 started.
[HARNESS 3] Barrier 13 started.
[HARNESS 2] Barrier 13 started.
[HARNESS 2] Barrier 13 ended.
[HARNESS 0] Barrier 13 ended.
[HARNESS 1] Barrier 13 ended.
[HARNESS 1] Barrier 14 started.
[HARNESS 0] Barrier 14 started.
[HARNESS 2] Barrier 14 started.
[HARNESS 3] Barrier 13 ended.
[HARNESS 3] Barrier 14 started.
[HARNESS 3] Barrier 14 ended.
[HARNESS 2] Barrier 14 ended.
[HARNESS 2] Barrier 15 started.
[HARNESS 1] Barrier 14 ended.
[HARNESS 3] Barrier 15 started.
[HARNESS 1] Barrier 15 started.
[HARNESS 0] Barrier 14 ended.
[HARNESS 0] Barrier 15 started.
[HARNESS 0] Barrier 15 ended.
[HARNESS 1] Barrier 15 ended.
[HARNESS 0] Barrier 16 started.
[HARNESS 3] Barrier 15 ended.
[HARNESS 2] Barrier 15 ended.
[HARNESS 2] Barrier 16 started.
[HARNESS 3] Barrier 16 started.
[HARNESS 1] Barrier 16 started.
[HARNESS 1] Barrier 16 ended.
[HARNESS 2] Barrier 16 ended.
[HARNESS 3] Barrier 16 ended.
[HARNESS 2] Barrier 17 started.
[HARNESS 0] Barrier 16 ended.
[HARNESS 0] Barrier 17 started.
[HARNESS 3] Barrier 17 started.
[HARNESS 1] Barrier 17 started.
[HARNESS 1] Barrier 17 ended.
[HARNESS 0] Barrier 17 ended.
[HARNESS 1] Barrier 18 started.
[HARNESS 2] Barrier 17 ended.
[HARNESS 3] Barrier 17 ended.
[HARNESS 2] Barrier 18 started.
[HARNESS 0] Barrier 18 started.
[HARNESS 3] Barrier 18 started.
[HARNESS 3] Barrier 18 ended.
[HARNESS 1] Barrier 18 ended.
[HARNESS 0] Barrier 18 ended.
[HARNESS 3] Barrier 19 started.
[HARNESS 0] Barrier 19 started.
[HARNESS 1] Barrier 19 started.
[HARNESS 2] Barrier 18 ended.
[HARNESS 2] Barrier 19 started.
[HARNESS 2] Barrier 19 ended.
[HARNESS 0] Barrier 19 ended.
[HARNESS 2] Barrier 20 started.
[HARNESS 1] Barrier 19 ended.
[HARNESS 1] Barrier 20 started.
[HARNESS 0] Barrier 20 started.
[HARNESS 3] Barrier 19 ended.
[HARNESS 3] Barrier 20 started.
[HARNESS 3] Barrier 20 ended.
[HARNESS 0] Barrier 20 ended.
[HARNESS 3] Barrier 21 started.
[HARNESS 1] Barrier 20 ended.
[HARNESS 1] Barrier 21 started.
[HARNESS 0] Barrier 21 started.
[HARNESS 2] Barrier 20 ended.
[HARNESS 2] Barrier 21 started.
[HARNESS 2] Barrier 21 ended.
[HARNESS 0] Barrier 21 ended.
[HARNESS 3] Barrier 21 ended.
[HARNESS 1] Barrier 21 ended.
[HARNESS 3] Barrier 22 started.
[HARNESS 0] Barrier 22 started.
[HARNESS 1] Barrier 22 started.
[HARNESS 2] Barrier 22 started.
[HARNESS 2] Barrier 22 ended.
[HARNESS 2] Barrier 23 started.
[HARNESS 3] Barrier 22 ended.
[HARNESS 0] Barrier 22 ended.
[HARNESS 0] Barrier 23 started.
[HARNESS 3] Barrier 23 started.
[HARNESS 1] Barrier 22 ended.
[HARNESS 1] Barrier 23 started.
[HARNESS 1] Barrier 23 ended.
[HARNESS 3] Barrier 23 ended.
[HARNESS 2] Barrier 23 ended.
[HARNESS 1] Barrier 24 started.
[HARNESS 0] Barrier 23 ended.
[HARNESS 2] Barrier 24 started.
[HARNESS 0] Barrier 24 started.
[HARNESS 3] Barrier 24 started.
[HARNESS 3] Barrier 24 ended.
[HARNESS 2] Barrier 24 ended.
[HARNESS 2] Barrier 25 started.
[HARNESS 0] Barrier 24 ended.
[HARNESS 1] Barrier 24 ended.
[HARNESS 0] Barrier 25 started.
[HARNESS 3] Barrier 25 started.
[HARNESS 1] Barrier 25 started.
[HARNESS 1] Barrier 25 ended.
[HARNESS 2] Barrier 25 ended.
[HARNESS 0] Barrier 25 ended.
[HARNESS 2] Barrier 26 started.
[HARNESS 0] Barrier 26 started.
[HARNESS 1] Barrier 26 started.
[HARNESS 3] Barrier 25 ended.
[HARNESS 3] Barrier 26 started.
[HARNESS 3] Barrier 26 ended.
[HARNESS 1] Barrier 26 ended.
[HARNESS 2] Barrier 26 ended.
[HARNESS 1] Barrier 27 started.
[HARNESS 2] Barrier 27 started.
[HARNESS 3] Barrier 27 started.
[HARNESS 0] Barrier 26 ended.
[HARNESS 0] Barrier 27 started.
[HARNESS 0] Barrier 27 ended.
[HARNESS 1] Barrier 27 ended.
[HARNESS 2] Barrier 27 ended.
[HARNESS 0] Barrier 28 started.
[HARNESS 2] Barrier 28 started.
[HARNESS 1] Barrier 28 started.
[HARNESS 3] Barrier 27 ended.
[HARNESS 3] Barrier 28 started.
[HARNESS 3] Barrier 28 ended.
[HARNESS 1] Barrier 28 ended.
[HARNESS 2] Barrier 28 ended.
[HARNESS 0] Barrier 28 ended.
[HARNESS 2] Barrier 29 started.
[HARNESS 0] Barrier 29 started.
[HARNESS 1] Barrier 29 started.
[HARNESS 3] Barrier 29 started.
[HARNESS 3] Barrier 29 ended.
[HARNESS 1] Barrier 29 ended.
[HARNESS 0] Barrier 29 ended.
[HARNESS 3] Barrier 30 started.
[HARNESS 0] Barrier 30 started.
[HARNESS 1] Barrier 30 started.
[HARNESS 2] Barrier 29 ended.
[HARNESS 2] Barrier 30 started.
[HARNESS 2] Barrier 30 ended.
[HARNESS 2] Barrier 31 started.
[HARNESS 1] Barrier 30 ended.
[HARNESS 0] Barrier 30 ended.
[HARNESS 1] Barrier 31 started.
[HARNESS 3] Barrier 30 ended.
[HARNESS 0] Barrier 31 started.
[HARNESS 3] Barrier 31 started.
[HARNESS 3] Barrier 31 ended.
[HARNESS 1] Barrier 31 ended.
[HARNESS 0] Barrier 31 ended.
[HARNESS 1] Barrier 32 started.
[HARNESS 3] Barrier 32 started.
[HARNESS 0] Barrier 32 started.
[HARNESS 2] Barrier 31 ended.
[HARNESS 2] Barrier 32 started.
[HARNESS 2] Barrier 32 ended.
[HARNESS 1] Barrier 32 ended.
[HARNESS 3] Barrier 32 ended.
[HARNESS 2] Barrier 33 started.
[HARNESS 3] Barrier 33 started.
[HARNESS 1] Barrier 33 started.
[HARNESS 0] Barrier 32 ended.
[HARNESS 0] Barrier 33 started.
[HARNESS 1] Barrier 33 ended.
[HARNESS 0] Barrier 33 ended.
[HARNESS 3] Barrier 33 ended.
[HARNESS 0] Barrier 34 started.
[HARNESS 3] Barrier 34 started.
[HARNESS 1] Barrier 34 started.
[HARNESS 2] Barrier 33 ended.
[HARNESS 2] Barrier 34 started.
[HARNESS 2] Barrier 34 ended.
[HARNESS 1] Barrier 34 ended.
[HARNESS 3] Barrier 34 ended.
[HARNESS 1] Barrier 35 started.
[HARNESS 2] Barrier 35 started.
[HARNESS 3] Barrier 35 started.
[HARNESS 0] Barrier 34 ended.
[HARNESS 0] Barrier 35 started.
[HARNESS 0] Barrier 35 ended.
[HARNESS 1] Barrier 35 ended.
[HARNESS 1] Barrier 36 started.
[HARNESS 3] Barrier 35 ended.
[HARNESS 3] Barrier 36 started.
[HARNESS 0] Barrier 36 started.
[HARNESS 2] Barrier 35 ended.
[HARNESS 2] Barrier 36 started.
[HARNESS 2] Barrier 36 ended.
[HARNESS 0] Barrier 36 ended.
[HARNESS 3] Barrier 36 ended.
[HARNESS 1] Barrier 36 ended.
[HARNESS 2] Barrier 37 started.
[HARNESS 1] Barrier 37 started.
[HARNESS 0] Barrier 37 started.
[HARNESS 3] Barrier 37 started.
[HARNESS 3] Barrier 37 ended.
[HARNESS 1] Barrier 37 ended.
[HARNESS 2] Barrier 37 ended.
[HARNESS 3] Barrier 38 started.
[HARNESS 2] Barrier 38 started.
[HARNESS 1] Barrier 38 started.
[HARNESS 0] Barrier 37 ended.
[HARNESS 0] Barrier 38 started.
[HARNESS 0] Barrier 38 ended.
[HARNESS 1] Barrier 38 ended.
[HARNESS 1] Barrier 39 started.
[HARNESS 3] Barrier 38 ended.
[HARNESS 3] Barrier 39 started.
[HARNESS 0] Barrier 39 started.
[HARNESS 2] Barrier 38 ended.
[HARNESS 2] Barrier 39 started.
[HARNESS 2] Barrier 39 ended.
[HARNESS 1] Barrier 39 ended.
[HARNESS 1] Barrier 40 started.
[HARNESS 3] Barrier 39 ended.
[HARNESS 2] Barrier 40 started.
[HARNESS 3] Barrier 40 started.
[HARNESS 0] Barrier 39 ended.
[HARNESS 0] Barrier 40 started.
[HARNESS 0] Barrier 40 ended.
[HARNESS 1] Barrier 40 ended.
[HARNESS 2] Barrier 40 ended.
[HARNESS 0] Barrier 41 started.
[HARNESS 2] Barrier 41 started.
[HARNESS 1] Barrier 41 started.
[HARNESS 3] Barrier 40 ended.
[HARNESS 3] Barrier 41 started.
[HARNESS 3] Barrier 41 ended.
[HARNESS 0] Barrier 41 ended.
[HARNESS 1] Barrier 41 ended.
[HARNESS 1] Barrier 42 started.
[HARNESS 0] Barrier 42 started.
[HARNESS 3] Barrier 42 started.
[HARNESS 2] Barrier 41 ended.
[HARNESS 2] Barrier 42 started.
[HARNESS 2] Barrier 42 ended.
[HARNESS 3] Barrier 42 ended.
[HARNESS 0] Barrier 42 ended.
[HARNESS 1] Barrier 42 ended.
[HARNESS 0] Barrier 43 started.
[HARNESS 1] Barrier 43 started.
[HARNESS 3] Barrier 43 started.
[HARNESS 2] Barrier 43 started.
[HARNESS 2] Barrier 43 ended.
[HARNESS 0] Barrier 43 ended.
[HARNESS 1] Barrier 43 ended.
[HARNESS 3] Barrier 43 ended.
[HARNESS 1] Barrier 44 started.
[HARNESS 3] Barrier 44 started.
[HARNESS 0] Barrier 44 started.
[HARNESS 2] Barrier 44 started.
[HARNESS 2] Barrier 44 ended.
[HARNESS 0] Barrier 44 ended.
[HARNESS 3] Barrier 44 ended.
[HARNESS 0] Barrier 45 started.
[HARNESS 3] Barrier 45 started.
[HARNESS 1] Barrier 44 ended.
[HARNESS 2] Barrier 45 started.
[HARNESS 1] Barrier 45 started.
[HARNESS 2] Barrier 45 ended.
[HARNESS 2] Barrier 46 started.
[HARNESS 3] Barrier 45 ended.
[HARNESS 1] Barrier 45 ended.
[HARNESS 3] Barrier 46 started.
[HARNESS 1] Barrier 46 started.
[HARNESS 0] Barrier 45 ended.
[HARNESS 0] Barrier 46 started.
[HARNESS 0] Barrier 46 ended.
[HARNESS 2] Barrier 46 ended.
[HARNESS 3] Barrier 46 ended.
[HARNESS 2] Barrier 47 started.
[HARNESS 3] Barrier 47 started.
[HARNESS 1] Barrier 46 ended.
[HARNESS 0] Barrier 47 started.
[HARNESS 1] Barrier 47 started.
[HARNESS 0] Barrier 47 ended.
[HARNESS 1] Barrier 47 ended.
[HARNESS 3] Barrier 47 ended.
[HARNESS 1] Barrier 48 started.
[HARNESS 0] Barrier 48 started.
[HARNESS 3] Barrier 48 started.
[HARNESS 2] Barrier 47 ended.
[HARNESS 2] Barrier 48 started.
[HARNESS 2] Barrier 48 ended.
[HARNESS 0] Barrier 48 ended.
[HARNESS 1] Barrier 48 ended.
[HARNESS 2] Barrier 49 started.
[HARNESS 1] Barrier 49 started.
[HARNESS 3] Barrier 48 ended.
[HARNESS 3] Barrier 49 started.
[HARNESS 0] Barrier 49 started.
[HARNESS 0] Barrier 49 ended.
[HARNESS 1] Barrier 49 ended.
[HARNESS 0] Barrier 50 started.
[HARNESS 2] Barrier 49 ended.
[HARNESS 2] Barrier 50 started.
[HARNESS 1] Barrier 50 started.
[HARNESS 3] Barrier 49 ended.
[HARNESS 3] Barrier 50 started.
[HARNESS 3] Barrier 50 ended.
[HARNESS 1] Barrier 50 ended.
[HARNESS 0] Barrier 50 ended.
[HARNESS 2] Barrier 50 ended.
[HARNESS 1] Barrier 51 started.
[HARNESS 2] Barrier 51 started.
[HARNESS 0] Barrier 51 started.
[HARNESS 3] Barrier 51 started.
[HARNESS 3] Barrier 51 ended.
[HARNESS 0] Barrier 51 ended.
[HARNESS 0] Barrier 52 started.
[HARNESS 1] Barrier 51 ended.
[HARNESS 3] Barrier 52 started.
[HARNESS 1] Barrier 52 started.
[HARNESS 2] Barrier 51 ended.
[HARNESS 2] Barrier 52 started.
[HARNESS 2] Barrier 52 ended.
[HARNESS 3] Barrier 52 ended.
[HARNESS 0] Barrier 52 ended.
[HARNESS 3] Barrier 53 started.
[HARNESS 0] Barrier 53 started.
[HARNESS 2] Barrier 53 started.
[HARNESS 1] Barrier 52 ended.
[HARNESS 1] Barrier 53 started.
[HARNESS 1] Barrier 53 ended.
[HARNESS 0] Barrier 53 ended.
[HARNESS 0] Barrier 54 started.
[HARNESS 3] Barrier 53 ended.
[HARNESS 3] Barrier 54 started.
[HARNESS 1] Barrier 54 started.
[HARNESS 2] Barrier 53 ended.
[HARNESS 2] Barrier 54 started.
[HARNESS 2] Barrier 54 ended.
[HARNESS 2] Barrier 55 started.
[HARNESS 0] Barrier 54 ended.
[HARNESS 3] Barrier 54 ended.
[HARNESS 1] Barrier 54 ended.
[HARNESS 0] Barrier 55 started.
[HARNESS 3] Barrier 55 started.
[HARNESS 1] Barrier 55 started.
[HARNESS 1] Barrier 55 ended.
[HARNESS 2] Barrier 55 ended.
[HARNESS 0] Barrier 55 ended.
[HARNESS 2] Barrier 56 started.
[HARNESS 1] Barrier 56 started.
[HARNESS 0] Barrier 56 started.
[HARNESS 3] Barrier 55 ended.
[HARNESS 3] Barrier 56 started.
[HARNESS 3] Barrier 56 ended.
[HARNESS 2] Barrier 56 ended.
[HARNESS 2] Barrier 57 started.
[HARNESS 0] Barrier 56 ended.
[HARNESS 1] Barrier 56 ended.
[HARNESS 0] Barrier 57 started.
[HARNESS 3] Barrier 57 started.
[HARNESS 1] Barrier 57 started.
[HARNESS 1] Barrier 57 ended.
[HARNESS 3] Barrier 57 ended.
[HARNESS 1] Barrier 58 started.
[HARNESS 2] Barrier 57 ended.
[HARNESS 0] Barrier 57 ended.
[HARNESS 2] Barrier 58 started.
[HARNESS 3] Barrier 58 started.
[HARNESS 0] Barrier 58 started.
[HARNESS 0] Barrier 58 ended.
[HARNESS 2] Barrier 58 ended.
[HARNESS 1] Barrier 58 ended.
[HARNESS 3] Barrier 58 ended.
[HARNESS 1] Barrier 59 started.
[HARNESS 3] Barrier 59 started.
[HARNESS 2] Barrier 59 started.
[HARNESS 0] Barrier 59 started.
[HARNESS 0] Barrier 59 ended.
[HARNESS 3] Barrier 59 ended.
[HARNESS 0] Barrier 60 started.
[HARNESS 2] Barrier 59 ended.
[HARNESS 3] Barrier 60 started.
[HARNESS 2] Barrier 60 started.
[HARNESS 1] Barrier 59 ended.
[HARNESS 1] Barrier 60 started.
[HARNESS 1] Barrier 60 ended.
[HARNESS 2] Barrier 60 ended.
[HARNESS 3] Barrier 60 ended.
[HARNESS 1] Barrier 61 started.
[HARNESS 3] Barrier 61 started.
[HARNESS 2] Barrier 61 started.
[HARNESS 0] Barrier 60 ended.
[HARNESS 0] Barrier 61 started.
[HARNESS 0] Barrier 61 ended.
[HARNESS 2] Barrier 61 ended.
[HARNESS 3] Barrier 61 ended.
[HARNESS 3] Barrier 62 started.
[HARNESS 2] Barrier 62 started.
[HARNESS 0] Barrier 62 started.
[HARNESS 1] Barrier 61 ended.
[HARNESS 1] Barrier 62 started.
[HARNESS 1] Barrier 62 ended.
[HARNESS 3] Barrier 62 ended.
[HARNESS 2] Barrier 62 ended.
[HARNESS 3] Barrier 63 started.
[HARNESS 2] Barrier 63 started.
[HARNESS 1] Barrier 63 started.
[HARNESS 0] Barrier 62 ended.
[HARNESS 0] Barrier 63 started.
[HARNESS 0] Barrier 63 ended.
[HARNESS 2] Barrier 63 ended.
[HARNESS 1] Barrier 63 ended.
[HARNESS 0] Barrier 64 started.
[HARNESS 1] Barrier 64 started.
[HARNESS 2] Barrier 64 started.
[HARNESS 3] Barrier 63 ended.
[HARNESS 3] Barrier 64 started.
[HARNESS 3] Barrier 64 ended.
[HARNESS 2] Barrier 64 ended.
[HARNESS 2] Barrier 65 started.
[HARNESS 1] Barrier 64 ended.
[HARNESS 0] Barrier 64 ended.
[HARNESS 3] Barrier 65 started.
[HARNESS 1] Barrier 65 started.
[HARNESS 0] Barrier 65 started.
[HARNESS 0] Barrier 65 ended.
[HARNESS 1] Barrier 65 ended.
[HARNESS 0] Barrier 66 started.
[HARNESS 2] Barrier 65 ended.
[HARNESS 2] Barrier 66 started.
[HARNESS 1] Barrier 66 started.
[HARNESS 3] Barrier 65 ended.
[HARNESS 3] Barrier 66 started.
[HARNESS 3] Barrier 66 ended.
[HARNESS 2] Barrier 66 ended.
[HARNESS 2] Barrier 67 started.
[HARNESS 1] Barrier 66 ended.
[HARNESS 3] Barrier 67 started.
[HARNESS 1] Barrier 67 started.
[HARNESS 0] Barrier 66 ended.
[HARNESS 0] Barrier 67 started.
[HARNESS 1] Barrier 67 ended.
[HARNESS 0] Barrier 67 ended.
[HARNESS 1] Barrier 68 started.
[HARNESS 3] Barrier 67 ended.
[HARNESS 3] Barrier 68 started.
[HARNESS 0] Barrier 68 started.
[HARNESS 2] Barrier 67 ended.
[HARNESS 2] Barrier 68 started.
[HARNESS 2] Barrier 68 ended.
[HARNESS 2] Barrier 69 started.
[HARNESS 3] Barrier 68 ended.
[HARNESS 0] Barrier 68 ended.
[HARNESS 3] Barrier 69 started.
[HARNESS 0] Barrier 69 started.
[HARNESS 1] Barrier 68 ended.
[HARNESS 1] Barrier 69 started.
[HARNESS 1] Barrier 69 ended.
[HARNESS 2] Barrier 69 ended.
[HARNESS 0] Barrier 69 ended.
[HARNESS 2] Barrier 70 started.
[HARNESS 1] Barrier 70 started.
[HARNESS 0] Barrier 70 started.
[HARNESS 3] Barrier 69 ended.
[HARNESS 3] Barrier 70 started.
[HARNESS 3] Barrier 70 ended.
[HARNESS 1] Barrier 70 ended.
[HARNESS 0] Barrier 70 ended.
[HARNESS 2] Barrier 70 ended.
[HARNESS 3] Barrier 71 started.
[HARNESS 2] Barrier 71 started.
[HARNESS 0] Barrier 71 started.
[HARNESS 1] Barrier 71 started.
[HARNESS 1] Barrier 71 ended.
[HARNESS 1] Barrier 72 started.
[HARNESS 3] Barrier 71 ended.
[HARNESS 2] Barrier 71 ended.
[HARNESS 3] Barrier 72 started.
[HARNESS 2] Barrier 72 started.
[HARNESS 0] Barrier 71 ended.
[HARNESS 0] Barrier 72 started.
[HARNESS 0] Barrier 72 ended.
[HARNESS 0] Barrier 73 started.
[HARNESS 2] Barrier 72 ended.
[HARNESS 3] Barrier 72 ended.
[HARNESS 3] Barrier 73 started.
[HARNESS 2] Barrier 73 started.
[HARNESS 1] Barrier 72 ended.
[HARNESS 1] Barrier 73 started.
[HARNESS 1] Barrier 73 ended.
[HARNESS 3] Barrier 73 ended.
[HARNESS 0] Barrier 73 ended.
[HARNESS 3] Barrier 74 started.
[HARNESS 0] Barrier 74 started.
[HARNESS 1] Barrier 74 started.
[HARNESS 2] Barrier 73 ended.
[HARNESS 2] Barrier 74 started.
[HARNESS 2] Barrier 74 ended.
[HARNESS 3] Barrier 74 ended.
[HARNESS 0] Barrier 74 ended.
[HARNESS 1] Barrier 74 ended.
[HARNESS 3] Barrier 75 started.
[HARNESS 1] Barrier 75 started.
[HARNESS 0] Barrier 75 started.
[HARNESS 2] Barrier 75 started.
[HARNESS 2] Barrier 75 ended.
[HARNESS 1] Barrier 75 ended.
[HARNESS 1] Barrier 76 started.
[HARNESS 0] Barrier 75 ended.
[HARNESS 3] Barrier 75 ended.
[HARNESS 0] Barrier 76 started.
[HARNESS 2] Barrier 76 started.
[HARNESS 3] Barrier 76 started.
[HARNESS 3] Barrier 76 ended.
[HARNESS 1] Barrier 76 ended.
[HARNESS 2] Barrier 76 ended.
[HARNESS 1] Barrier 77 started.
[HARNESS 2] Barrier 77 started.
[HARNESS 3] Barrier 77 started.
[HARNESS 0] Barrier 76 ended.
[HARNESS 0] Barrier 77 started.
[HARNESS 0] Barrier 77 ended.
[HARNESS 2] Barrier 77 ended.
[HARNESS 1] Barrier 77 ended.
[HARNESS 2] Barrier 78 started.
[HARNESS 1] Barrier 78 started.
[HARNESS 3] Barrier 77 ended.
[HARNESS 0] Barrier 78 started.
[HARNESS 3] Barrier 78 started.
[HARNESS 0] Barrier 78 ended.
[HARNESS 1] Barrier 78 ended.
[HARNESS 3] Barrier 78 ended.
[HARNESS 0] Barrier 79 started.
[HARNESS 3] Barrier 79 started.
[HARNESS 1] Barrier 79 started.
[HARNESS 2] Barrier 78 ended.
[HARNESS 2] Barrier 79 started.
[HARNESS 2] Barrier 79 ended.
[HARNESS 2] Barrier 80 started.
[HARNESS 0] Barrier 79 ended.
[HARNESS 3] Barrier 79 ended.
[HARNESS 3] Barrier 80 started.
[HARNESS 0] Barrier 80 started.
[HARNESS 1] Barrier 79 ended.
[HARNESS 1] Barrier 80 started.
[HARNESS 1] Barrier 80 ended.
[HARNESS 2] Barrier 80 ended.
[HARNESS 0] Barrier 80 ended.
[HARNESS 0] Barrier 81 started.
[HARNESS 1] Barrier 81 started.
[HARNESS 2] Barrier 81 started.
[HARNESS 3] Barrier 80 ended.
[HARNESS 3] Barrier 81 started.
[HARNESS 3] Barrier 81 ended.
[HARNESS 1] Barrier 81 ended.
[HARNESS 0] Barrier 81 ended.
[HARNESS 1] Barrier 82 started.
[HARNESS 2] Barrier 81 ended.
[HARNESS 2] Barrier 82 started.
[HARNESS 0] Barrier 82 started.
[HARNESS 3] Barrier 82 started.
[HARNESS 3] Barrier 82 ended.
[HARNESS 0] Barrier 82 ended.
[HARNESS 1] Barrier 82 ended.
[HARNESS 3] Barrier 83 started.
[HARNESS 1] Barrier 83 started.
[HARNESS 0] Barrier 83 started.
[HARNESS 2] Barrier 82 ended.
[HARNESS 2] Barrier 83 started.
[HARNESS 2] Barrier 83 ended.
[HARNESS 0] Barrier 83 ended.
[HARNESS 3] Barrier 83 ended.
[HARNESS 0] Barrier 84 started.
[HARNESS 3] Barrier 84 started.
[HARNESS 2] Barrier 84 started.
[HARNESS 1] Barrier 83 ended.
[HARNESS 1] Barrier 84 started.
[HARNESS 1] Barrier 84 ended.
[HARNESS 3] Barrier 84 ended.
[HARNESS 2] Barrier 84 ended.
[HARNESS 3] Barrier 85 started.
[HARNESS 1] Barrier 85 started.
[HARNESS 0] Barrier 84 ended.
[HARNESS 2] Barrier 85 started.
[HARNESS 0] Barrier 85 started.
[HARNESS 0] Barrier 85 ended.
[HARNESS 2] Barrier 85 ended.
[HARNESS 1] Barrier 85 ended.
[HARNESS 2] Barrier 86 started.
[HARNESS 0] Barrier 86 started.
[HARNESS 1] Barrier 86 started.
[HARNESS 3] Barrier 85 ended.
[HARNESS 3] Barrier 86 started.
[HARNESS 3] Barrier 86 ended.
[HARNESS 0] Barrier 86 ended.
[HARNESS 1] Barrier 86 ended.
[HARNESS 2] Barrier 86 ended.
[HARNESS 1] Barrier 87 started.
[HARNESS 0] Barrier 87 started.
[HARNESS 2] Barrier 87 started.
[HARNESS 3] Barrier 87 started.
[HARNESS 3] Barrier 87 ended.
[HARNESS 0] Barrier 87 ended.
[HARNESS 1] Barrier 87 ended.
[HARNESS 0] Barrier 88 started.
[HARNESS 1] Barrier 88 started.
[HARNESS 3] Barrier 88 started.
[HARNESS 2] Barrier 87 ended.
[HARNESS 2] Barrier 88 started.
[HARNESS 2] Barrier 88 ended.
[HARNESS 2] Barrier 89 started.
[HARNESS 3] Barrier 88 ended.
[HARNESS 0] Barrier 88 ended.
[HARNESS 3] Barrier 89 started.
[HARNESS 0] Barrier 89 started.
[HARNESS 1] Barrier 88 ended.
[HARNESS 1] Barrier 89 started.
[HARNESS 1] Barrier 89 ended.
[HARNESS 0] Barrier 89 ended.
[HARNESS 0] Barrier 90 started.
[HARNESS 2] Barrier 89 ended.
[HARNESS 1] Barrier 90 started.
[HARNESS 2] Barrier 90 started.
[HARNESS 3] Barrier 89 ended.
[HARNESS 3] Barrier 90 started.
[HARNESS 3] Barrier 90 ended.
[HARNESS 2] Barrier 90 ended.
[HARNESS 2] Barrier 91 started.
[HARNESS 0] Barrier 90 ended.
[HARNESS 3] Barrier 91 started.
[HARNESS 0] Barrier 91 started.
[HARNESS 1] Barrier 90 ended.
[HARNESS 1] Barrier 91 started.
[HARNESS 1] Barrier 91 ended.
[HARNESS 3] Barrier 91 ended.
[HARNESS 0] Barrier 91 ended.
[HARNESS 3] Barrier 92 started.
[HARNESS 0] Barrier 92 started.
[HARNESS 1] Barrier 92 started.
[HARNESS 2] Barrier 91 ended.
[HARNESS 2] Barrier 92 started.
[HARNESS 2] Barrier 92 ended.
[HARNESS 1] Barrier 92 ended.
[HARNESS 3] Barrier 92 ended.
[HARNESS 1] Barrier 93 started.
[HARNESS 2] Barrier 93 started.
[HARNESS 3] Barrier 93 started.
[HARNESS 0] Barrier 92 ended.
[HARNESS 0] Barrier 93 started.
[HARNESS 0] Barrier 93 ended.
[HARNESS 1] Barrier 93 ended.
[HARNESS 0] Barrier 94 started.
[HARNESS 2] Barrier 93 ended.
[HARNESS 2] Barrier 94 started.
[HARNESS 1] Barrier 94 started.
[HARNESS 3] Barrier 93 ended.
[HARNESS 3] Barrier 94 started.
[HARNESS 3] Barrier 94 ended.
[HARNESS 1] Barrier 94 ended.
[HARNESS 0] Barrier 94 ended.
[HARNESS 2] Barrier 94 ended.
[HARNESS 0] Barrier 95 started.
[HARNESS 1] Barrier 95 started.
[HARNESS 2] Barrier 95 started.
[HARNESS 3] Barrier 95 started.
[HARNESS 3] Barrier 95 ended.
[HARNESS 1] Barrier 95 ended.
[HARNESS 3] Barrier 96 started.
[HARNESS 0] Barrier 95 ended.
[HARNESS 2] Barrier 95 ended.
[HARNESS 0] Barrier 96 started.
[HARNESS 1] Barrier 96 started.
[HARNESS 2] Barrier 96 started.
[HARNESS 2] Barrier 96 ended.
[HARNESS 0] Barrier 96 ended.
[HARNESS 1] Barrier 96 ended.
[HARNESS 3] Barrier 96 ended.
[HARNESS 0] Barrier 97 started.
[HARNESS 3] Barrier 97 started.
[HARNESS 1] Barrier 97 started.
[HARNESS 2] Barrier 97 started.
[HARNESS 2] Barrier 97 ended.
[HARNESS 1] Barrier 97 ended.
[HARNESS 1] Barrier 98 started.
[HARNESS 3] Barrier 97 ended.
[HARNESS 2] Barrier 98 started.
[HARNESS 0] Barrier 97 ended.
[HARNESS 3] Barrier 98 started.
[HARNESS 0] Barrier 98 started.
[HARNESS 0] Barrier 98 ended.
[HARNESS 0] Barrier 99 started.
[HARNESS 2] Barrier 98 ended.
[HARNESS 2] Barrier 99 started.
[HARNESS 1] Barrier 98 ended.
[HARNESS 1] Barrier 99 started.
[HARNESS 3] Barrier 98 ended.
[HARNESS 3] Barrier 99 started.
[HARNESS 3] Barrier 99 ended.
[HARNESS 0] Barrier 99 ended.
-1,3,68.0000000000
[HARNESS 2] Barrier 99 ended.
-1,2,68.6000000000
[HARNESS 1] Barrier 99 ended.
-1,1,69.5000000000
-1,0,68.2000000000
---------------------------------------
Begin PBS Epilogue Sat Oct 16 15:46:06 EDT 2021
Job ID:     174343.sched-coc-ice.pace.gatech.edu
User ID:    ssangle6
Job name:   omp-example-4t.pbs
Resources:  nodes=1:ppn=4,pmem=1gb,walltime=00:05:00,neednodes=1:ppn=4
Rsrc Used:  cput=00:00:00,vmem=2053036kb,walltime=00:00:02,mem=2620kb,energy_used=0
Queue:      coc-ice
Nodes:     
atl1-1-02-003-19-l.pace.gatech.edu
End PBS Epilogue Sat Oct 16 15:46:06 EDT 2021
---------------------------------------
