---------------------------------------
Begin PBS Prologue Sun Oct 17 01:09:11 EDT 2021
Job ID:     177658.sched-coc-ice.pace.gatech.edu
User ID:    ssangle6
Job name:   cs6210-proj2_combined_p2t2
Queue:      coc-ice
End PBS Prologue Sun Oct 17 01:09:11 EDT 2021
---------------------------------------
Started on `/bin/hostname`
Nodes chosen are:

Lmod is automatically replacing "intel/19.0.5" with "gcc/8.3.0".


Due to MODULEPATH changes, the following have been reloaded:
  1) mvapich2/2.3.2

rm -rf *.o *.dSYM combined
mpicc -c -g -std=gnu99 -I. -Wall -fopenmp mcs_tree.c -o mcs_tree.o
mpicc -c -g -std=gnu99 -I. -Wall -fopenmp sense_reversal_extended.c -o sense_reversal_extended.o
mpicc -c -g -std=gnu99 -I. -Wall -fopenmp harness.c -o harness.o
mpicc -c -g -std=gnu99 -I. -Wall -fopenmp combined.c -o combined.o
mpicc -o combined -g -std=gnu99 -I. -Wall -fopenmp  mcs_tree.o sense_reversal_extended.o harness.o combined.o -lgomp -lm
352179 352158
25757 25756
[HARNESS 0 0-0] BARRIER START.
[HARNESS 0 0-1] BARRIER START.
[HARNESS 0 0 1] BARRIER END.
[HARNESS 1 0-1] BARRIER START.
[HARNESS 0 0 0] BARRIER END.
[HARNESS 1 0-0] BARRIER START.
[HARNESS 1 0 0] BARRIER END.
[HARNESS 2 0-0] BARRIER START.
[HARNESS 1 0 1] BARRIER END.
[HARNESS 2 0-1] BARRIER START.
[HARNESS 2 0 1] BARRIER END.
[HARNESS 3 0-1] BARRIER START.
[HARNESS 2 0 0] BARRIER END.
[HARNESS 3 0-0] BARRIER START.
[HARNESS 3 0 0] BARRIER END.
[HARNESS 4 0-0] BARRIER START.
[HARNESS 3 0 1] BARRIER END.
[HARNESS 4 0-1] BARRIER START.
[HARNESS 4 0 1] BARRIER END.
[HARNESS 5 0-1] BARRIER START.
[HARNESS 4 0 0] BARRIER END.
[HARNESS 5 0-0] BARRIER START.
[HARNESS 5 0 0] BARRIER END.
[HARNESS 6 0-0] BARRIER START.
[HARNESS 5 0 1] BARRIER END.
[HARNESS 6 0-1] BARRIER START.
[HARNESS 6 0 1] BARRIER END.
[HARNESS 7 0-1] BARRIER START.
[HARNESS 6 0 0] BARRIER END.
[HARNESS 7 0-0] BARRIER START.
[HARNESS 7 0 0] BARRIER END.
[HARNESS 8 0-0] BARRIER START.
[HARNESS 7 0 1] BARRIER END.
[HARNESS 8 0-1] BARRIER START.
[HARNESS 8 0 1] BARRIER END.
[HARNESS 9 0-1] BARRIER START.
[HARNESS 8 0 0] BARRIER END.
[HARNESS 9 0-0] BARRIER START.
[HARNESS 9 0 0] BARRIER END.
[HARNESS 10 0-0] BARRIER START.
[HARNESS 9 0 1] BARRIER END.
[HARNESS 10 0-1] BARRIER START.
[HARNESS 10 0 1] BARRIER END.
[HARNESS 11 0-1] BARRIER START.
[HARNESS 0 1-0] BARRIER START.
[HARNESS 0 1-1] BARRIER START.
[HARNESS 0 1 1] BARRIER END.
[HARNESS 1 1-1] BARRIER START.
[HARNESS 0 1 0] BARRIER END.
[HARNESS 1 1-0] BARRIER START.
[HARNESS 1 1 0] BARRIER END.
[HARNESS 2 1-0] BARRIER START.
[HARNESS 1 1 1] BARRIER END.
[HARNESS 2 1-1] BARRIER START.
[HARNESS 2 1 1] BARRIER END.
[HARNESS 3 1-1] BARRIER START.
[HARNESS 2 1 0] BARRIER END.
[HARNESS 3 1-0] BARRIER START.
[HARNESS 3 1 0] BARRIER END.
[HARNESS 4 1-0] BARRIER START.
[HARNESS 3 1 1] BARRIER END.
[HARNESS 4 1-1] BARRIER START.
[HARNESS 4 1 1] BARRIER END.
[HARNESS 5 1-1] BARRIER START.
[HARNESS 4 1 0] BARRIER END.
[HARNESS 5 1-0] BARRIER START.
[HARNESS 5 1 0] BARRIER END.
[HARNESS 6 1-0] BARRIER START.
[HARNESS 5 1 1] BARRIER END.
[HARNESS 6 1-1] BARRIER START.
[HARNESS 6 1 1] BARRIER END.
[HARNESS 10 0 0] BARRIER END.
[HARNESS 11 0-0] BARRIER START.
[HARNESS 11 0 0] BARRIER END.
[HARNESS 12 0-0] BARRIER START.
[HARNESS 11 0 1] BARRIER END.
[HARNESS 12 0-1] BARRIER START.
[HARNESS 12 0 1] BARRIER END.
[HARNESS 13 0-1] BARRIER START.
[HARNESS 12 0 0] BARRIER END.
[HARNESS 13 0-0] BARRIER START.
[HARNESS 13 0 0] BARRIER END.
[HARNESS 14 0-0] BARRIER START.
[HARNESS 13 0 1] BARRIER END.
[HARNESS 14 0-1] BARRIER START.
[HARNESS 14 0 1] BARRIER END.
[HARNESS 15 0-1] BARRIER START.
[HARNESS 14 0 0] BARRIER END.
[HARNESS 15 0-0] BARRIER START.
[HARNESS 15 0 0] BARRIER END.
[HARNESS 15 0 1] BARRIER END.
[HARNESS 16 0-1] BARRIER START.
[HARNESS 16 0-0] BARRIER START.
[HARNESS 16 0 1] BARRIER END.
[HARNESS 17 0-1] BARRIER START.
[HARNESS 16 0 0] BARRIER END.
[HARNESS 17 0-0] BARRIER START.
[HARNESS 17 0 0] BARRIER END.
[HARNESS 18 0-0] BARRIER START.
[HARNESS 17 0 1] BARRIER END.
[HARNESS 18 0-1] BARRIER START.
[HARNESS 18 0 1] BARRIER END.
[HARNESS 19 0-1] BARRIER START.
[HARNESS 18 0 0] BARRIER END.
[HARNESS 19 0-0] BARRIER START.
[HARNESS 19 0 0] BARRIER END.
[HARNESS 20 0-0] BARRIER START.
[HARNESS 19 0 1] BARRIER END.
[HARNESS 20 0-1] BARRIER START.
[HARNESS 20 0 1] BARRIER END.
[HARNESS 21 0-1] BARRIER START.
[HARNESS 7 1-1] BARRIER START.
[HARNESS 6 1 0] BARRIER END.
[HARNESS 7 1-0] BARRIER START.
[HARNESS 7 1 0] BARRIER END.
[HARNESS 8 1-0] BARRIER START.
[HARNESS 7 1 1] BARRIER END.
[HARNESS 8 1-1] BARRIER START.
[HARNESS 8 1 1] BARRIER END.
[HARNESS 9 1-1] BARRIER START.
[HARNESS 8 1 0] BARRIER END.
[HARNESS 9 1-0] BARRIER START.
[HARNESS 9 1 0] BARRIER END.
[HARNESS 10 1-0] BARRIER START.
[HARNESS 9 1 1] BARRIER END.
[HARNESS 10 1-1] BARRIER START.
[HARNESS 10 1 1] BARRIER END.
[HARNESS 11 1-1] BARRIER START.
[HARNESS 10 1 0] BARRIER END.
[HARNESS 11 1-0] BARRIER START.
[HARNESS 11 1 0] BARRIER END.
[HARNESS 11 1 1] BARRIER END.
[HARNESS 12 1-1] BARRIER START.
[HARNESS 12 1-0] BARRIER START.
[HARNESS 12 1 0] BARRIER END.
[HARNESS 13 1-0] BARRIER START.
[HARNESS 12 1 1] BARRIER END.
[HARNESS 13 1-1] BARRIER START.
[HARNESS 13 1 1] BARRIER END.
[HARNESS 14 1-1] BARRIER START.
[HARNESS 13 1 0] BARRIER END.
[HARNESS 14 1-0] BARRIER START.
[HARNESS 14 1 0] BARRIER END.
[HARNESS 15 1-0] BARRIER START.
[HARNESS 14 1 1] BARRIER END.
[HARNESS 15 1-1] BARRIER START.
[HARNESS 15 1 1] BARRIER END.
[HARNESS 16 1-1] BARRIER START.
[HARNESS 15 1 0] BARRIER END.
[HARNESS 16 1-0] BARRIER START.
[HARNESS 16 1 0] BARRIER END.
[HARNESS 17 1-0] BARRIER START.
[HARNESS 16 1 1] BARRIER END.
[HARNESS 17 1-1] BARRIER START.
[HARNESS 17 1 1] BARRIER END.
[HARNESS 18 1-1] BARRIER START.
[HARNESS 17 1 0] BARRIER END.
[HARNESS 18 1-0] BARRIER START.
[HARNESS 18 1 0] BARRIER END.
[HARNESS 19 1-0] BARRIER START.
[HARNESS 18 1 1] BARRIER END.
[HARNESS 19 1-1] BARRIER START.
[HARNESS 19 1 1] BARRIER END.
[HARNESS 20 0 0] BARRIER END.
[HARNESS 21 0-0] BARRIER START.
[HARNESS 21 0 0] BARRIER END.
[HARNESS 22 0-0] BARRIER START.
[HARNESS 21 0 1] BARRIER END.
[HARNESS 22 0-1] BARRIER START.
[HARNESS 22 0 1] BARRIER END.
[HARNESS 23 0-1] BARRIER START.
[HARNESS 22 0 0] BARRIER END.
[HARNESS 23 0-0] BARRIER START.
[HARNESS 23 0 0] BARRIER END.
[HARNESS 24 0-0] BARRIER START.
[HARNESS 23 0 1] BARRIER END.
[HARNESS 24 0-1] BARRIER START.
[HARNESS 24 0 1] BARRIER END.
[HARNESS 25 0-1] BARRIER START.
[HARNESS 24 0 0] BARRIER END.
[HARNESS 25 0-0] BARRIER START.
[HARNESS 25 0 0] BARRIER END.
[HARNESS 26 0-0] BARRIER START.
[HARNESS 25 0 1] BARRIER END.
[HARNESS 26 0-1] BARRIER START.
[HARNESS 26 0 1] BARRIER END.
[HARNESS 27 0-1] BARRIER START.
[HARNESS 26 0 0] BARRIER END.
[HARNESS 27 0-0] BARRIER START.
[HARNESS 27 0 0] BARRIER END.
[HARNESS 28 0-0] BARRIER START.
[HARNESS 27 0 1] BARRIER END.
[HARNESS 28 0-1] BARRIER START.
[HARNESS 28 0 1] BARRIER END.
[HARNESS 29 0-1] BARRIER START.
[HARNESS 28 0 0] BARRIER END.
[HARNESS 29 0-0] BARRIER START.
[HARNESS 29 0 0] BARRIER END.
[HARNESS 30 0-0] BARRIER START.
[HARNESS 29 0 1] BARRIER END.
[HARNESS 30 0-1] BARRIER START.
[HARNESS 30 0 1] BARRIER END.
[HARNESS 31 0-1] BARRIER START.
[HARNESS 30 0 0] BARRIER END.
[HARNESS 31 0-0] BARRIER START.
[HARNESS 31 0 0] BARRIER END.
[HARNESS 32 0-0] BARRIER START.
[HARNESS 31 0 1] BARRIER END.
[HARNESS 32 0-1] BARRIER START.
[HARNESS 32 0 1] BARRIER END.
[HARNESS 33 0-1] BARRIER START.
[HARNESS 32 0 0] BARRIER END.
[HARNESS 33 0-0] BARRIER START.
[HARNESS 33 0 0] BARRIER END.
[HARNESS 34 0-0] BARRIER START.
[HARNESS 33 0 1] BARRIER END.
[HARNESS 34 0-1] BARRIER START.
[HARNESS 34 0 1] BARRIER END.
[HARNESS 20 1-1] BARRIER START.
[HARNESS 19 1 0] BARRIER END.
[HARNESS 20 1-0] BARRIER START.
[HARNESS 20 1 0] BARRIER END.
[HARNESS 21 1-0] BARRIER START.
[HARNESS 20 1 1] BARRIER END.
[HARNESS 21 1-1] BARRIER START.
[HARNESS 21 1 1] BARRIER END.
[HARNESS 21 1 0] BARRIER END.
[HARNESS 22 1-0] BARRIER START.
[HARNESS 22 1-1] BARRIER START.
[HARNESS 22 1 1] BARRIER END.
[HARNESS 22 1 0] BARRIER END.
[HARNESS 23 1-0] BARRIER START.
[HARNESS 23 1-1] BARRIER START.
[HARNESS 23 1 1] BARRIER END.
[HARNESS 24 1-1] BARRIER START.
[HARNESS 23 1 0] BARRIER END.
[HARNESS 24 1-0] BARRIER START.
[HARNESS 24 1 0] BARRIER END.
[HARNESS 25 1-0] BARRIER START.
[HARNESS 24 1 1] BARRIER END.
[HARNESS 25 1-1] BARRIER START.
[HARNESS 25 1 1] BARRIER END.
[HARNESS 25 1 0] BARRIER END.
[HARNESS 26 1-0] BARRIER START.
[HARNESS 26 1-1] BARRIER START.
[HARNESS 26 1 1] BARRIER END.
[HARNESS 27 1-1] BARRIER START.
[HARNESS 26 1 0] BARRIER END.
[HARNESS 27 1-0] BARRIER START.
[HARNESS 27 1 0] BARRIER END.
[HARNESS 27 1 1] BARRIER END.
[HARNESS 28 1-1] BARRIER START.
[HARNESS 28 1-0] BARRIER START.
[HARNESS 28 1 0] BARRIER END.
[HARNESS 29 1-0] BARRIER START.
[HARNESS 28 1 1] BARRIER END.
[HARNESS 29 1-1] BARRIER START.
[HARNESS 29 1 1] BARRIER END.
[HARNESS 35 0-1] BARRIER START.
[HARNESS 34 0 0] BARRIER END.
[HARNESS 35 0-0] BARRIER START.
[HARNESS 35 0 0] BARRIER END.
[HARNESS 36 0-0] BARRIER START.
[HARNESS 35 0 1] BARRIER END.
[HARNESS 36 0-1] BARRIER START.
[HARNESS 36 0 1] BARRIER END.
[HARNESS 37 0-1] BARRIER START.
[HARNESS 36 0 0] BARRIER END.
[HARNESS 37 0-0] BARRIER START.
[HARNESS 37 0 0] BARRIER END.
[HARNESS 38 0-0] BARRIER START.
[HARNESS 37 0 1] BARRIER END.
[HARNESS 38 0-1] BARRIER START.
[HARNESS 38 0 1] BARRIER END.
[HARNESS 39 0-1] BARRIER START.
[HARNESS 38 0 0] BARRIER END.
[HARNESS 39 0-0] BARRIER START.
[HARNESS 39 0 0] BARRIER END.
[HARNESS 39 0 1] BARRIER END.
[HARNESS 40 0-1] BARRIER START.
[HARNESS 40 0-0] BARRIER START.
[HARNESS 40 0 1] BARRIER END.
[HARNESS 41 0-1] BARRIER START.
[HARNESS 40 0 0] BARRIER END.
[HARNESS 41 0-0] BARRIER START.
[HARNESS 41 0 0] BARRIER END.
[HARNESS 42 0-0] BARRIER START.
[HARNESS 41 0 1] BARRIER END.
[HARNESS 42 0-1] BARRIER START.
[HARNESS 42 0 1] BARRIER END.
[HARNESS 43 0-1] BARRIER START.
[HARNESS 42 0 0] BARRIER END.
[HARNESS 43 0-0] BARRIER START.
[HARNESS 43 0 0] BARRIER END.
[HARNESS 44 0-0] BARRIER START.
[HARNESS 43 0 1] BARRIER END.
[HARNESS 44 0-1] BARRIER START.
[HARNESS 44 0 1] BARRIER END.
[HARNESS 44 0 0] BARRIER END.
[HARNESS 45 0-0] BARRIER START.
[HARNESS 45 0-1] BARRIER START.
[HARNESS 45 0 1] BARRIER END.
[HARNESS 46 0-1] BARRIER START.
[HARNESS 30 1-1] BARRIER START.
[HARNESS 29 1 0] BARRIER END.
[HARNESS 30 1-0] BARRIER START.
[HARNESS 30 1 0] BARRIER END.
[HARNESS 31 1-0] BARRIER START.
[HARNESS 30 1 1] BARRIER END.
[HARNESS 31 1-1] BARRIER START.
[HARNESS 31 1 1] BARRIER END.
[HARNESS 32 1-1] BARRIER START.
[HARNESS 31 1 0] BARRIER END.
[HARNESS 32 1-0] BARRIER START.
[HARNESS 32 1 0] BARRIER END.
[HARNESS 33 1-0] BARRIER START.
[HARNESS 32 1 1] BARRIER END.
[HARNESS 33 1-1] BARRIER START.
[HARNESS 33 1 1] BARRIER END.
[HARNESS 34 1-1] BARRIER START.
[HARNESS 33 1 0] BARRIER END.
[HARNESS 34 1-0] BARRIER START.
[HARNESS 34 1 0] BARRIER END.
[HARNESS 35 1-0] BARRIER START.
[HARNESS 34 1 1] BARRIER END.
[HARNESS 35 1-1] BARRIER START.
[HARNESS 35 1 1] BARRIER END.
[HARNESS 35 1 0] BARRIER END.
[HARNESS 36 1-0] BARRIER START.
[HARNESS 36 1-1] BARRIER START.
[HARNESS 36 1 1] BARRIER END.
[HARNESS 37 1-1] BARRIER START.
[HARNESS 36 1 0] BARRIER END.
[HARNESS 37 1-0] BARRIER START.
[HARNESS 37 1 0] BARRIER END.
[HARNESS 37 1 1] BARRIER END.
[HARNESS 38 1-1] BARRIER START.
[HARNESS 38 1-0] BARRIER START.
[HARNESS 38 1 0] BARRIER END.
[HARNESS 39 1-0] BARRIER START.
[HARNESS 38 1 1] BARRIER END.
[HARNESS 39 1-1] BARRIER START.
[HARNESS 39 1 1] BARRIER END.
[HARNESS 40 1-1] BARRIER START.
[HARNESS 39 1 0] BARRIER END.
[HARNESS 40 1-0] BARRIER START.
[HARNESS 40 1 0] BARRIER END.
[HARNESS 41 1-0] BARRIER START.
[HARNESS 40 1 1] BARRIER END.
[HARNESS 41 1-1] BARRIER START.
[HARNESS 41 1 1] BARRIER END.
[HARNESS 45 0 0] BARRIER END.
[HARNESS 46 0-0] BARRIER START.
[HARNESS 46 0 0] BARRIER END.
[HARNESS 47 0-0] BARRIER START.
[HARNESS 46 0 1] BARRIER END.
[HARNESS 47 0-1] BARRIER START.
[HARNESS 47 0 1] BARRIER END.
[HARNESS 48 0-1] BARRIER START.
[HARNESS 47 0 0] BARRIER END.
[HARNESS 48 0-0] BARRIER START.
[HARNESS 48 0 0] BARRIER END.
[HARNESS 49 0-0] BARRIER START.
[HARNESS 48 0 1] BARRIER END.
[HARNESS 49 0-1] BARRIER START.
[HARNESS 49 0 1] BARRIER END.
[HARNESS 50 0-1] BARRIER START.
[HARNESS 49 0 0] BARRIER END.
[HARNESS 50 0-0] BARRIER START.
[HARNESS 50 0 0] BARRIER END.
[HARNESS 51 0-0] BARRIER START.
[HARNESS 50 0 1] BARRIER END.
[HARNESS 51 0-1] BARRIER START.
[HARNESS 51 0 1] BARRIER END.
[HARNESS 52 0-1] BARRIER START.
[HARNESS 51 0 0] BARRIER END.
[HARNESS 52 0-0] BARRIER START.
[HARNESS 52 0 0] BARRIER END.
[HARNESS 53 0-0] BARRIER START.
[HARNESS 52 0 1] BARRIER END.
[HARNESS 53 0-1] BARRIER START.
[HARNESS 53 0 1] BARRIER END.
[HARNESS 42 1-1] BARRIER START.
[HARNESS 41 1 0] BARRIER END.
[HARNESS 42 1-0] BARRIER START.
[HARNESS 42 1 0] BARRIER END.
[HARNESS 43 1-0] BARRIER START.
[HARNESS 42 1 1] BARRIER END.
[HARNESS 43 1-1] BARRIER START.
[HARNESS 43 1 1] BARRIER END.
[HARNESS 43 1 0] BARRIER END.
[HARNESS 44 1-1] BARRIER START.
[HARNESS 44 1-0] BARRIER START.
[HARNESS 44 1 0] BARRIER END.
[HARNESS 45 1-0] BARRIER START.
[HARNESS 44 1 1] BARRIER END.
[HARNESS 45 1-1] BARRIER START.
[HARNESS 45 1 1] BARRIER END.
[HARNESS 46 1-1] BARRIER START.
[HARNESS 45 1 0] BARRIER END.
[HARNESS 46 1-0] BARRIER START.
[HARNESS 46 1 0] BARRIER END.
[HARNESS 47 1-0] BARRIER START.
[HARNESS 46 1 1] BARRIER END.
[HARNESS 47 1-1] BARRIER START.
[HARNESS 47 1 1] BARRIER END.
[HARNESS 48 1-1] BARRIER START.
[HARNESS 47 1 0] BARRIER END.
[HARNESS 48 1-0] BARRIER START.
[HARNESS 48 1 0] BARRIER END.
[HARNESS 49 1-0] BARRIER START.
[HARNESS 48 1 1] BARRIER END.
[HARNESS 49 1-1] BARRIER START.
[HARNESS 49 1 1] BARRIER END.
[HARNESS 50 1-1] BARRIER START.
[HARNESS 49 1 0] BARRIER END.
[HARNESS 50 1-0] BARRIER START.
[HARNESS 50 1 0] BARRIER END.
[HARNESS 51 1-0] BARRIER START.
[HARNESS 50 1 1] BARRIER END.
[HARNESS 51 1-1] BARRIER START.
[HARNESS 51 1 1] BARRIER END.
[HARNESS 52 1-1] BARRIER START.
[HARNESS 51 1 0] BARRIER END.
[HARNESS 52 1-0] BARRIER START.
[HARNESS 52 1 0] BARRIER END.
[HARNESS 53 1-0] BARRIER START.
[HARNESS 52 1 1] BARRIER END.
[HARNESS 53 1-1] BARRIER START.
[HARNESS 53 1 1] BARRIER END.
[HARNESS 54 0-1] BARRIER START.
[HARNESS 54 1-1] BARRIER START.
[HARNESS 53 0 0] BARRIER END.
[HARNESS 54 0-0] BARRIER START.
[HARNESS 54 0 0] BARRIER END.
[HARNESS 55 0-0] BARRIER START.
[HARNESS 54 0 1] BARRIER END.
[HARNESS 55 0-1] BARRIER START.
[HARNESS 55 0 1] BARRIER END.
[HARNESS 53 1 0] BARRIER END.
[HARNESS 54 1-0] BARRIER START.
[HARNESS 54 1 0] BARRIER END.
[HARNESS 55 1-0] BARRIER START.
[HARNESS 54 1 1] BARRIER END.
[HARNESS 55 1-1] BARRIER START.
[HARNESS 55 1 1] BARRIER END.
[HARNESS 56 0-1] BARRIER START.
[HARNESS 56 1-1] BARRIER START.
[HARNESS 55 0 0] BARRIER END.
[HARNESS 56 0-0] BARRIER START.
[HARNESS 56 0 0] BARRIER END.
[HARNESS 57 0-0] BARRIER START.
[HARNESS 56 0 1] BARRIER END.
[HARNESS 57 0-1] BARRIER START.
[HARNESS 57 0 1] BARRIER END.
[HARNESS 55 1 0] BARRIER END.
[HARNESS 56 1-0] BARRIER START.
[HARNESS 56 1 0] BARRIER END.
[HARNESS 57 1-0] BARRIER START.
[HARNESS 56 1 1] BARRIER END.
[HARNESS 57 1-1] BARRIER START.
[HARNESS 57 1 1] BARRIER END.
[HARNESS 58 0-1] BARRIER START.
[HARNESS 58 1-1] BARRIER START.
[HARNESS 57 0 0] BARRIER END.
[HARNESS 58 0-0] BARRIER START.
[HARNESS 58 0 0] BARRIER END.
[HARNESS 59 0-0] BARRIER START.
[HARNESS 58 0 1] BARRIER END.
[HARNESS 59 0-1] BARRIER START.
[HARNESS 59 0 1] BARRIER END.
[HARNESS 60 0-1] BARRIER START.
[HARNESS 57 1 0] BARRIER END.
[HARNESS 58 1-0] BARRIER START.
[HARNESS 58 1 0] BARRIER END.
[HARNESS 59 1-0] BARRIER START.
[HARNESS 58 1 1] BARRIER END.
[HARNESS 59 1-1] BARRIER START.
[HARNESS 59 1 1] BARRIER END.
[HARNESS 60 1-1] BARRIER START.
[HARNESS 59 0 0] BARRIER END.
[HARNESS 60 0-0] BARRIER START.
[HARNESS 60 0 0] BARRIER END.
[HARNESS 61 0-0] BARRIER START.
[HARNESS 60 0 1] BARRIER END.
[HARNESS 61 0-1] BARRIER START.
[HARNESS 61 0 1] BARRIER END.
[HARNESS 59 1 0] BARRIER END.
[HARNESS 60 1-0] BARRIER START.
[HARNESS 60 1 0] BARRIER END.
[HARNESS 61 1-0] BARRIER START.
[HARNESS 60 1 1] BARRIER END.
[HARNESS 61 1-1] BARRIER START.
[HARNESS 61 1 1] BARRIER END.
[HARNESS 62 0-1] BARRIER START.
[HARNESS 62 1-1] BARRIER START.
[HARNESS 61 0 0] BARRIER END.
[HARNESS 62 0-0] BARRIER START.
[HARNESS 62 0 0] BARRIER END.
[HARNESS 62 0 1] BARRIER END.
[HARNESS 63 0-1] BARRIER START.
[HARNESS 63 0-0] BARRIER START.
[HARNESS 63 0 1] BARRIER END.
[HARNESS 61 1 0] BARRIER END.
[HARNESS 62 1-0] BARRIER START.
[HARNESS 62 1 0] BARRIER END.
[HARNESS 63 1-0] BARRIER START.
[HARNESS 62 1 1] BARRIER END.
[HARNESS 63 1-1] BARRIER START.
[HARNESS 63 1 1] BARRIER END.
[HARNESS 64 0-1] BARRIER START.
[HARNESS 64 1-1] BARRIER START.
[HARNESS 63 0 0] BARRIER END.
[HARNESS 64 0-0] BARRIER START.
[HARNESS 64 0 0] BARRIER END.
[HARNESS 65 0-0] BARRIER START.
[HARNESS 64 0 1] BARRIER END.
[HARNESS 65 0-1] BARRIER START.
[HARNESS 65 0 1] BARRIER END.
[HARNESS 63 1 0] BARRIER END.
[HARNESS 64 1-0] BARRIER START.
[HARNESS 64 1 0] BARRIER END.
[HARNESS 65 1-0] BARRIER START.
[HARNESS 64 1 1] BARRIER END.
[HARNESS 65 1-1] BARRIER START.
[HARNESS 65 1 1] BARRIER END.
[HARNESS 66 0-1] BARRIER START.
[HARNESS 66 1-1] BARRIER START.
[HARNESS 65 0 0] BARRIER END.
[HARNESS 66 0-0] BARRIER START.
[HARNESS 66 0 0] BARRIER END.
[HARNESS 67 0-0] BARRIER START.
[HARNESS 66 0 1] BARRIER END.
[HARNESS 67 0-1] BARRIER START.
[HARNESS 67 0 1] BARRIER END.
[HARNESS 68 0-1] BARRIER START.
[HARNESS 65 1 0] BARRIER END.
[HARNESS 66 1-0] BARRIER START.
[HARNESS 66 1 0] BARRIER END.
[HARNESS 67 1-0] BARRIER START.
[HARNESS 66 1 1] BARRIER END.
[HARNESS 67 1-1] BARRIER START.
[HARNESS 67 1 1] BARRIER END.
[HARNESS 68 1-1] BARRIER START.
[HARNESS 67 0 0] BARRIER END.
[HARNESS 68 0-0] BARRIER START.
[HARNESS 68 0 0] BARRIER END.
[HARNESS 69 0-0] BARRIER START.
[HARNESS 68 0 1] BARRIER END.
[HARNESS 69 0-1] BARRIER START.
[HARNESS 69 0 1] BARRIER END.
[HARNESS 67 1 0] BARRIER END.
[HARNESS 68 1-0] BARRIER START.
[HARNESS 68 1 0] BARRIER END.
[HARNESS 69 1-0] BARRIER START.
[HARNESS 68 1 1] BARRIER END.
[HARNESS 69 1-1] BARRIER START.
[HARNESS 69 1 1] BARRIER END.
[HARNESS 70 0-1] BARRIER START.
[HARNESS 70 1-1] BARRIER START.
[HARNESS 69 0 0] BARRIER END.
[HARNESS 70 0-0] BARRIER START.
[HARNESS 70 0 0] BARRIER END.
[HARNESS 71 0-0] BARRIER START.
[HARNESS 70 0 1] BARRIER END.
[HARNESS 71 0-1] BARRIER START.
[HARNESS 71 0 1] BARRIER END.
[HARNESS 69 1 0] BARRIER END.
[HARNESS 70 1-0] BARRIER START.
[HARNESS 70 1 0] BARRIER END.
[HARNESS 71 1-0] BARRIER START.
[HARNESS 70 1 1] BARRIER END.
[HARNESS 71 1-1] BARRIER START.
[HARNESS 71 1 1] BARRIER END.
[HARNESS 72 0-1] BARRIER START.
[HARNESS 72 1-1] BARRIER START.
[HARNESS 71 0 0] BARRIER END.
[HARNESS 72 0-0] BARRIER START.
[HARNESS 72 0 0] BARRIER END.
[HARNESS 72 0 1] BARRIER END.
[HARNESS 73 0-1] BARRIER START.
[HARNESS 73 0-0] BARRIER START.
[HARNESS 73 0 1] BARRIER END.
[HARNESS 71 1 0] BARRIER END.
[HARNESS 72 1-0] BARRIER START.
[HARNESS 72 1 0] BARRIER END.
[HARNESS 73 1-0] BARRIER START.
[HARNESS 72 1 1] BARRIER END.
[HARNESS 73 1-1] BARRIER START.
[HARNESS 73 1 1] BARRIER END.
[HARNESS 74 0-1] BARRIER START.
[HARNESS 74 1-1] BARRIER START.
[HARNESS 73 0 0] BARRIER END.
[HARNESS 74 0-0] BARRIER START.
[HARNESS 74 0 0] BARRIER END.
[HARNESS 75 0-0] BARRIER START.
[HARNESS 74 0 1] BARRIER END.
[HARNESS 75 0-1] BARRIER START.
[HARNESS 75 0 1] BARRIER END.
[HARNESS 73 1 0] BARRIER END.
[HARNESS 74 1-0] BARRIER START.
[HARNESS 74 1 0] BARRIER END.
[HARNESS 75 1-0] BARRIER START.
[HARNESS 74 1 1] BARRIER END.
[HARNESS 75 1-1] BARRIER START.
[HARNESS 75 1 1] BARRIER END.
[HARNESS 76 0-1] BARRIER START.
[HARNESS 76 1-1] BARRIER START.
[HARNESS 75 0 0] BARRIER END.
[HARNESS 76 0-0] BARRIER START.
[HARNESS 76 0 0] BARRIER END.
[HARNESS 76 0 1] BARRIER END.
[HARNESS 77 0-1] BARRIER START.
[HARNESS 77 0-0] BARRIER START.
[HARNESS 77 0 1] BARRIER END.
[HARNESS 78 0-1] BARRIER START.
[HARNESS 77 0 0] BARRIER END.
[HARNESS 78 0-0] BARRIER START.
[HARNESS 78 0 0] BARRIER END.
[HARNESS 79 0-0] BARRIER START.
[HARNESS 78 0 1] BARRIER END.
[HARNESS 79 0-1] BARRIER START.
[HARNESS 79 0 1] BARRIER END.
[HARNESS 80 0-1] BARRIER START.
[HARNESS 75 1 0] BARRIER END.
[HARNESS 76 1-0] BARRIER START.
[HARNESS 76 1 0] BARRIER END.
[HARNESS 77 1-0] BARRIER START.
[HARNESS 76 1 1] BARRIER END.
[HARNESS 77 1-1] BARRIER START.
[HARNESS 77 1 1] BARRIER END.
[HARNESS 77 1 0] BARRIER END.
[HARNESS 78 1-0] BARRIER START.
[HARNESS 78 1-1] BARRIER START.
[HARNESS 78 1 1] BARRIER END.
[HARNESS 79 1-1] BARRIER START.
[HARNESS 79 0 0] BARRIER END.
[HARNESS 80 0-0] BARRIER START.
[HARNESS 80 0 0] BARRIER END.
[HARNESS 80 0 1] BARRIER END.
[HARNESS 78 1 0] BARRIER END.
[HARNESS 79 1-0] BARRIER START.
[HARNESS 79 1 0] BARRIER END.
[HARNESS 80 1-0] BARRIER START.
[HARNESS 79 1 1] BARRIER END.
[HARNESS 80 1-1] BARRIER START.
[HARNESS 80 1 1] BARRIER END.
[HARNESS 81 0-1] BARRIER START.
[HARNESS 81 1-1] BARRIER START.
[HARNESS 81 0-0] BARRIER START.
[HARNESS 81 0 1] BARRIER END.
[HARNESS 82 0-1] BARRIER START.
[HARNESS 81 0 0] BARRIER END.
[HARNESS 82 0-0] BARRIER START.
[HARNESS 82 0 0] BARRIER END.
[HARNESS 83 0-0] BARRIER START.
[HARNESS 82 0 1] BARRIER END.
[HARNESS 83 0-1] BARRIER START.
[HARNESS 83 0 1] BARRIER END.
[HARNESS 83 0 0] BARRIER END.
[HARNESS 84 0-0] BARRIER START.
[HARNESS 84 0-1] BARRIER START.
[HARNESS 84 0 1] BARRIER END.
[HARNESS 80 1 0] BARRIER END.
[HARNESS 81 1-0] BARRIER START.
[HARNESS 81 1 0] BARRIER END.
[HARNESS 82 1-0] BARRIER START.
[HARNESS 81 1 1] BARRIER END.
[HARNESS 82 1-1] BARRIER START.
[HARNESS 82 1 1] BARRIER END.
[HARNESS 85 0-1] BARRIER START.
[HARNESS 83 1-1] BARRIER START.
[HARNESS 82 1 0] BARRIER END.
[HARNESS 83 1-0] BARRIER START.
[HARNESS 83 1 0] BARRIER END.
[HARNESS 84 1-0] BARRIER START.
[HARNESS 83 1 1] BARRIER END.
[HARNESS 84 1-1] BARRIER START.
[HARNESS 84 1 1] BARRIER END.
[HARNESS 85 1-1] BARRIER START.
[HARNESS 84 0 0] BARRIER END.
[HARNESS 85 0-0] BARRIER START.
[HARNESS 85 0 0] BARRIER END.
[HARNESS 86 0-0] BARRIER START.
[HARNESS 85 0 1] BARRIER END.
[HARNESS 86 0-1] BARRIER START.
[HARNESS 86 0 1] BARRIER END.
[HARNESS 84 1 0] BARRIER END.
[HARNESS 85 1-0] BARRIER START.
[HARNESS 85 1 0] BARRIER END.
[HARNESS 86 1-0] BARRIER START.
[HARNESS 85 1 1] BARRIER END.
[HARNESS 86 1-1] BARRIER START.
[HARNESS 86 1 1] BARRIER END.
[HARNESS 87 0-1] BARRIER START.
[HARNESS 87 1-1] BARRIER START.
[HARNESS 86 0 0] BARRIER END.
[HARNESS 87 0-0] BARRIER START.
[HARNESS 87 0 0] BARRIER END.
[HARNESS 88 0-0] BARRIER START.
[HARNESS 87 0 1] BARRIER END.
[HARNESS 88 0-1] BARRIER START.
[HARNESS 88 0 1] BARRIER END.
[HARNESS 89 0-1] BARRIER START.
[HARNESS 86 1 0] BARRIER END.
[HARNESS 87 1-0] BARRIER START.
[HARNESS 87 1 0] BARRIER END.
[HARNESS 88 1-0] BARRIER START.
[HARNESS 87 1 1] BARRIER END.
[HARNESS 88 1-1] BARRIER START.
[HARNESS 88 1 1] BARRIER END.
[HARNESS 89 1-1] BARRIER START.
[HARNESS 88 0 0] BARRIER END.
[HARNESS 89 0-0] BARRIER START.
[HARNESS 89 0 0] BARRIER END.
[HARNESS 89 0 1] BARRIER END.
[HARNESS 90 0-1] BARRIER START.
[HARNESS 90 0-0] BARRIER START.
[HARNESS 90 0 1] BARRIER END.
[HARNESS 88 1 0] BARRIER END.
[HARNESS 89 1-0] BARRIER START.
[HARNESS 89 1 0] BARRIER END.
[HARNESS 90 1-0] BARRIER START.
[HARNESS 89 1 1] BARRIER END.
[HARNESS 90 1-1] BARRIER START.
[HARNESS 90 1 1] BARRIER END.
[HARNESS 91 0-1] BARRIER START.
[HARNESS 91 1-1] BARRIER START.
[HARNESS 90 0 0] BARRIER END.
[HARNESS 91 0-0] BARRIER START.
[HARNESS 91 0 0] BARRIER END.
[HARNESS 92 0-0] BARRIER START.
[HARNESS 91 0 1] BARRIER END.
[HARNESS 92 0-1] BARRIER START.
[HARNESS 92 0 1] BARRIER END.
[HARNESS 93 0-1] BARRIER START.
[HARNESS 90 1 0] BARRIER END.
[HARNESS 91 1-0] BARRIER START.
[HARNESS 91 1 0] BARRIER END.
[HARNESS 92 1-0] BARRIER START.
[HARNESS 91 1 1] BARRIER END.
[HARNESS 92 1-1] BARRIER START.
[HARNESS 92 1 1] BARRIER END.
[HARNESS 93 1-1] BARRIER START.
[HARNESS 92 0 0] BARRIER END.
[HARNESS 93 0-0] BARRIER START.
[HARNESS 93 0 0] BARRIER END.
[HARNESS 94 0-0] BARRIER START.
[HARNESS 93 0 1] BARRIER END.
[HARNESS 94 0-1] BARRIER START.
[HARNESS 94 0 1] BARRIER END.
[HARNESS 92 1 0] BARRIER END.
[HARNESS 93 1-0] BARRIER START.
[HARNESS 93 1 0] BARRIER END.
[HARNESS 94 1-0] BARRIER START.
[HARNESS 93 1 1] BARRIER END.
[HARNESS 94 1-1] BARRIER START.
[HARNESS 94 1 1] BARRIER END.
[HARNESS 95 0-1] BARRIER START.
[HARNESS 95 1-1] BARRIER START.
[HARNESS 94 0 0] BARRIER END.
[HARNESS 95 0-0] BARRIER START.
[HARNESS 95 0 0] BARRIER END.
[HARNESS 96 0-0] BARRIER START.
[HARNESS 95 0 1] BARRIER END.
[HARNESS 96 0-1] BARRIER START.
[HARNESS 96 0 1] BARRIER END.
[HARNESS 97 0-1] BARRIER START.
[HARNESS 94 1 0] BARRIER END.
[HARNESS 95 1-0] BARRIER START.
[HARNESS 95 1 0] BARRIER END.
[HARNESS 96 1-0] BARRIER START.
[HARNESS 95 1 1] BARRIER END.
[HARNESS 96 1-1] BARRIER START.
[HARNESS 96 1 1] BARRIER END.
[HARNESS 97 1-1] BARRIER START.
[HARNESS 96 0 0] BARRIER END.
[HARNESS 97 0-0] BARRIER START.
[HARNESS 97 0 0] BARRIER END.
[HARNESS 98 0-0] BARRIER START.
[HARNESS 97 0 1] BARRIER END.
[HARNESS 98 0-1] BARRIER START.
[HARNESS 98 0 1] BARRIER END.
[HARNESS 96 1 0] BARRIER END.
[HARNESS 97 1-0] BARRIER START.
[HARNESS 97 1 0] BARRIER END.
[HARNESS 98 1-0] BARRIER START.
[HARNESS 97 1 1] BARRIER END.
[HARNESS 98 1-1] BARRIER START.
[HARNESS 98 1 1] BARRIER END.
[HARNESS 99 0-1] BARRIER START.
[HARNESS 99 1-1] BARRIER START.
[HARNESS 98 0 0] BARRIER END.
[HARNESS 99 0-0] BARRIER START.
[HARNESS 99 0 0] BARRIER END.
[HARNESS 99 0 1] BARRIER END.
-1,0,0,934.3000000000
-1,0,1,934.5000000000
[HARNESS 98 1 0] BARRIER END.
[HARNESS 99 1-0] BARRIER START.
[HARNESS 99 1 0] BARRIER END.
[HARNESS 99 1 1] BARRIER END.
-1,1,0,946.1000000000
-1,1,1,946.4000000000
---------------------------------------
Begin PBS Epilogue Sun Oct 17 01:09:16 EDT 2021
Job ID:     177658.sched-coc-ice.pace.gatech.edu
User ID:    ssangle6
Job name:   cs6210-proj2_combined_p2t2
Resources:  nodes=1:ppn=2+1:ppn=2,pmem=1gb,walltime=00:30:00,neednodes=1:ppn=2+1:ppn=2
Rsrc Used:  cput=00:00:01,vmem=360596kb,walltime=00:00:03,mem=5532kb,energy_used=0
Queue:      coc-ice
Nodes:     
atl1-1-02-003-19-l.pace.gatech.edu atl1-1-02-003-19-r.pace.gatech.edu
End PBS Epilogue Sun Oct 17 01:09:19 EDT 2021
---------------------------------------
