---------------------------------------
Begin PBS Prologue Sat Oct 16 17:24:17 EDT 2021
Job ID:     175214.sched-coc-ice.pace.gatech.edu
User ID:    ssangle6
Job name:   mpi-example-2p.pbs
Queue:      coc-ice
End PBS Prologue Sat Oct 16 17:24:17 EDT 2021
---------------------------------------

Lmod is automatically replacing "intel/19.0.5" with "gcc/8.3.0".


Lmod is automatically replacing "gcc/8.3.0" with "intel/19.0.5".

rm -rf *.o *.dSYM mpi1 mpi2 baseline
mpicc -c -g -Wall -std=gnu99 -I. harness.c -o harness.o
harness.c(17): remark #15009: main has been targeted for automatic cpu dispatch
mpicc -o mpi1 -g -Wall -std=gnu99 -I.  gtmpi1.c harness.o -lm
mpicc -o mpi2 -g -Wall -std=gnu99 -I.  gtmpi2.c harness.o -lm
gtmpi2.c(25): remark #15009: gtmpi_init has been targeted for automatic cpu dispatch
[HARNESS 0] Starting 0 barrier.
[HARNESS 0] Done 0 barrier.
[HARNESS 0] Starting 1 barrier.
[HARNESS 0] Done 1 barrier.
[HARNESS 0] Starting 2 barrier.
[HARNESS 0] Done 2 barrier.
[HARNESS 0] Starting 3 barrier.
[HARNESS 0] Done 3 barrier.
[HARNESS 0] Starting 4 barrier.
[HARNESS 0] Done 4 barrier.
[HARNESS 0] Starting 5 barrier.
[HARNESS 0] Done 5 barrier.
[HARNESS 0] Starting 6 barrier.
[HARNESS 0] Done 6 barrier.
[HARNESS 0] Starting 7 barrier.
[HARNESS 0] Done 7 barrier.
[HARNESS 0] Starting 8 barrier.
[HARNESS 0] Done 8 barrier.
[HARNESS 0] Starting 9 barrier.
[HARNESS 0] Done 9 barrier.
[HARNESS 0] Starting 10 barrier.
[HARNESS 0] Done 10 barrier.
[HARNESS 0] Starting 11 barrier.
[HARNESS 0] Done 11 barrier.
[HARNESS 0] Starting 12 barrier.
[HARNESS 0] Done 12 barrier.
[HARNESS 0] Starting 13 barrier.
[HARNESS 0] Done 13 barrier.
[HARNESS 0] Starting 14 barrier.
[HARNESS 0] Done 14 barrier.
[HARNESS 0] Starting 15 barrier.
[HARNESS 0] Done 15 barrier.
[HARNESS 0] Starting 16 barrier.
[HARNESS 0] Done 16 barrier.
[HARNESS 0] Starting 17 barrier.
[HARNESS 0] Done 17 barrier.
[HARNESS 0] Starting 18 barrier.
[HARNESS 0] Done 18 barrier.
[HARNESS 0] Starting 19 barrier.
[HARNESS 0] Done 19 barrier.
[HARNESS 0] Starting 20 barrier.
[HARNESS 0] Done 20 barrier.
[HARNESS 0] Starting 21 barrier.
[HARNESS 0] Done 21 barrier.
[HARNESS 0] Starting 22 barrier.
[HARNESS 0] Done 22 barrier.
[HARNESS 0] Starting 23 barrier.
[HARNESS 0] Done 23 barrier.
[HARNESS 0] Starting 24 barrier.
[HARNESS 0] Done 24 barrier.
[HARNESS 0] Starting 25 barrier.
[HARNESS 0] Done 25 barrier.
[HARNESS 0] Starting 26 barrier.
[HARNESS 0] Done 26 barrier.
[HARNESS 0] Starting 27 barrier.
[HARNESS 0] Done 27 barrier.
[HARNESS 0] Starting 28 barrier.
[HARNESS 0] Done 28 barrier.
[HARNESS 0] Starting 29 barrier.
[HARNESS 0] Done 29 barrier.
[HARNESS 0] Starting 30 barrier.
[HARNESS 0] Done 30 barrier.
[HARNESS 0] Starting 31 barrier.
[HARNESS 0] Done 31 barrier.
[HARNESS 0] Starting 32 barrier.
[HARNESS 0] Done 32 barrier.
[HARNESS 0] Starting 33 barrier.
[HARNESS 0] Done 33 barrier.
[HARNESS 0] Starting 34 barrier.
[HARNESS 0] Done 34 barrier.
[HARNESS 0] Starting 35 barrier.
[HARNESS 0] Done 35 barrier.
[HARNESS 0] Starting 36 barrier.
[HARNESS 0] Done 36 barrier.
[HARNESS 0] Starting 37 barrier.
[HARNESS 0] Done 37 barrier.
[HARNESS 0] Starting 38 barrier.
[HARNESS 0] Done 38 barrier.
[HARNESS 0] Starting 39 barrier.
[HARNESS 0] Done 39 barrier.
[HARNESS 0] Starting 40 barrier.
[HARNESS 0] Done 40 barrier.
[HARNESS 0] Starting 41 barrier.
[HARNESS 0] Done 41 barrier.
[HARNESS 0] Starting 42 barrier.
[HARNESS 0] Done 42 barrier.
[HARNESS 0] Starting 43 barrier.
[HARNESS 0] Done 43 barrier.
[HARNESS 0] Starting 44 barrier.
[HARNESS 0] Done 44 barrier.
[HARNESS 0] Starting 45 barrier.
[HARNESS 0] Done 45 barrier.
[HARNESS 0] Starting 46 barrier.
[HARNESS 0] Done 46 barrier.
[HARNESS 0] Starting 47 barrier.
[HARNESS 0] Done 47 barrier.
[HARNESS 0] Starting 48 barrier.
[HARNESS 0] Done 48 barrier.
[HARNESS 0] Starting 49 barrier.
[HARNESS 0] Done 49 barrier.
[HARNESS 0] Starting 50 barrier.
[HARNESS 0] Done 50 barrier.
[HARNESS 0] Starting 51 barrier.
[HARNESS 0] Done 51 barrier.
[HARNESS 0] Starting 52 barrier.
[HARNESS 0] Done 52 barrier.
[HARNESS 0] Starting 53 barrier.
[HARNESS 0] Done 53 barrier.
[HARNESS 0] Starting 54 barrier.
[HARNESS 0] Done 54 barrier.
[HARNESS 0] Starting 55 barrier.
[HARNESS 0] Done 55 barrier.
[HARNESS 0] Starting 56 barrier.
[HARNESS 0] Done 56 barrier.
[HARNESS 0] Starting 57 barrier.
[HARNESS 0] Done 57 barrier.
[HARNESS 0] Starting 58 barrier.
[HARNESS 0] Done 58 barrier.
[HARNESS 0] Starting 59 barrier.
[HARNESS 0] Done 59 barrier.
[HARNESS 0] Starting 60 barrier.
[HARNESS 0] Done 60 barrier.
[HARNESS 0] Starting 61 barrier.
[HARNESS 0] Done 61 barrier.
[HARNESS 0] Starting 62 barrier.
[HARNESS 0] Done 62 barrier.
[HARNESS 0] Starting 63 barrier.
[HARNESS 0] Done 63 barrier.
[HARNESS 0] Starting 64 barrier.
[HARNESS 0] Done 64 barrier.
[HARNESS 0] Starting 65 barrier.
[HARNESS 0] Done 65 barrier.
[HARNESS 0] Starting 66 barrier.
[HARNESS 0] Done 66 barrier.
[HARNESS 0] Starting 67 barrier.
[HARNESS 0] Done 67 barrier.
[HARNESS 0] Starting 68 barrier.
[HARNESS 0] Done 68 barrier.
[HARNESS 0] Starting 69 barrier.
[HARNESS 0] Done 69 barrier.
[HARNESS 0] Starting 70 barrier.
[HARNESS 0] Done 70 barrier.
[HARNESS 0] Starting 71 barrier.
[HARNESS 0] Done 71 barrier.
[HARNESS 0] Starting 72 barrier.
[HARNESS 0] Done 72 barrier.
[HARNESS 0] Starting 73 barrier.
[HARNESS 0] Done 73 barrier.
[HARNESS 0] Starting 74 barrier.
[HARNESS 0] Done 74 barrier.
[HARNESS 0] Starting 75 barrier.
[HARNESS 0] Done 75 barrier.
[HARNESS 0] Starting 76 barrier.
[HARNESS 0] Done 76 barrier.
[HARNESS 0] Starting 77 barrier.
[HARNESS 0] Done 77 barrier.
[HARNESS 0] Starting 78 barrier.
[HARNESS 0] Done 78 barrier.
[HARNESS 0] Starting 79 barrier.
[HARNESS 0] Done 79 barrier.
[HARNESS 0] Starting 80 barrier.
[HARNESS 0] Done 80 barrier.
[HARNESS 0] Starting 81 barrier.
[HARNESS 0] Done 81 barrier.
[HARNESS 0] Starting 82 barrier.
[HARNESS 0] Done 82 barrier.
[HARNESS 0] Starting 83 barrier.
[HARNESS 0] Done 83 barrier.
[HARNESS 0] Starting 84 barrier.
[HARNESS 0] Done 84 barrier.
[HARNESS 0] Starting 85 barrier.
[HARNESS 0] Done 85 barrier.
[HARNESS 0] Starting 86 barrier.
[HARNESS 0] Done 86 barrier.
[HARNESS 0] Starting 87 barrier.
[HARNESS 0] Done 87 barrier.
[HARNESS 0] Starting 88 barrier.
[HARNESS 0] Done 88 barrier.
[HARNESS 0] Starting 89 barrier.
[HARNESS 0] Done 89 barrier.
[HARNESS 0] Starting 90 barrier.
[HARNESS 0] Done 90 barrier.
[HARNESS 0] Starting 91 barrier.
[HARNESS 0] Done 91 barrier.
[HARNESS 0] Starting 92 barrier.
[HARNESS 0] Done 92 barrier.
[HARNESS 0] Starting 93 barrier.
[HARNESS 0] Done 93 barrier.
[HARNESS 0] Starting 94 barrier.
[HARNESS 0] Done 94 barrier.
[HARNESS 0] Starting 95 barrier.
[HARNESS 0] Done 95 barrier.
[HARNESS 0] Starting 96 barrier.
[HARNESS 0] Done 96 barrier.
[HARNESS 0] Starting 97 barrier.
[HARNESS 0] Done 97 barrier.
[HARNESS 0] Starting 98 barrier.
[HARNESS 0] Done 98 barrier.
[HARNESS 0] Starting 99 barrier.
[HARNESS 0] Done 99 barrier.
-1,0,51.2000000000
[HARNESS 1] Starting 0 barrier.
[HARNESS 1] Done 0 barrier.
[HARNESS 1] Starting 1 barrier.
[HARNESS 1] Done 1 barrier.
[HARNESS 1] Starting 2 barrier.
[HARNESS 1] Done 2 barrier.
[HARNESS 1] Starting 3 barrier.
[HARNESS 1] Done 3 barrier.
[HARNESS 1] Starting 4 barrier.
[HARNESS 1] Done 4 barrier.
[HARNESS 1] Starting 5 barrier.
[HARNESS 1] Done 5 barrier.
[HARNESS 1] Starting 6 barrier.
[HARNESS 1] Done 6 barrier.
[HARNESS 1] Starting 7 barrier.
[HARNESS 1] Done 7 barrier.
[HARNESS 1] Starting 8 barrier.
[HARNESS 1] Done 8 barrier.
[HARNESS 1] Starting 9 barrier.
[HARNESS 1] Done 9 barrier.
[HARNESS 1] Starting 10 barrier.
[HARNESS 1] Done 10 barrier.
[HARNESS 1] Starting 11 barrier.
[HARNESS 1] Done 11 barrier.
[HARNESS 1] Starting 12 barrier.
[HARNESS 1] Done 12 barrier.
[HARNESS 1] Starting 13 barrier.
[HARNESS 1] Done 13 barrier.
[HARNESS 1] Starting 14 barrier.
[HARNESS 1] Done 14 barrier.
[HARNESS 1] Starting 15 barrier.
[HARNESS 1] Done 15 barrier.
[HARNESS 1] Starting 16 barrier.
[HARNESS 1] Done 16 barrier.
[HARNESS 1] Starting 17 barrier.
[HARNESS 1] Done 17 barrier.
[HARNESS 1] Starting 18 barrier.
[HARNESS 1] Done 18 barrier.
[HARNESS 1] Starting 19 barrier.
[HARNESS 1] Done 19 barrier.
[HARNESS 1] Starting 20 barrier.
[HARNESS 1] Done 20 barrier.
[HARNESS 1] Starting 21 barrier.
[HARNESS 1] Done 21 barrier.
[HARNESS 1] Starting 22 barrier.
[HARNESS 1] Done 22 barrier.
[HARNESS 1] Starting 23 barrier.
[HARNESS 1] Done 23 barrier.
[HARNESS 1] Starting 24 barrier.
[HARNESS 1] Done 24 barrier.
[HARNESS 1] Starting 25 barrier.
[HARNESS 1] Done 25 barrier.
[HARNESS 1] Starting 26 barrier.
[HARNESS 1] Done 26 barrier.
[HARNESS 1] Starting 27 barrier.
[HARNESS 1] Done 27 barrier.
[HARNESS 1] Starting 28 barrier.
[HARNESS 1] Done 28 barrier.
[HARNESS 1] Starting 29 barrier.
[HARNESS 1] Done 29 barrier.
[HARNESS 1] Starting 30 barrier.
[HARNESS 1] Done 30 barrier.
[HARNESS 1] Starting 31 barrier.
[HARNESS 1] Done 31 barrier.
[HARNESS 1] Starting 32 barrier.
[HARNESS 1] Done 32 barrier.
[HARNESS 1] Starting 33 barrier.
[HARNESS 1] Done 33 barrier.
[HARNESS 1] Starting 34 barrier.
[HARNESS 1] Done 34 barrier.
[HARNESS 1] Starting 35 barrier.
[HARNESS 1] Done 35 barrier.
[HARNESS 1] Starting 36 barrier.
[HARNESS 1] Done 36 barrier.
[HARNESS 1] Starting 37 barrier.
[HARNESS 1] Done 37 barrier.
[HARNESS 1] Starting 38 barrier.
[HARNESS 1] Done 38 barrier.
[HARNESS 1] Starting 39 barrier.
[HARNESS 1] Done 39 barrier.
[HARNESS 1] Starting 40 barrier.
[HARNESS 1] Done 40 barrier.
[HARNESS 1] Starting 41 barrier.
[HARNESS 1] Done 41 barrier.
[HARNESS 1] Starting 42 barrier.
[HARNESS 1] Done 42 barrier.
[HARNESS 1] Starting 43 barrier.
[HARNESS 1] Done 43 barrier.
[HARNESS 1] Starting 44 barrier.
[HARNESS 1] Done 44 barrier.
[HARNESS 1] Starting 45 barrier.
[HARNESS 1] Done 45 barrier.
[HARNESS 1] Starting 46 barrier.
[HARNESS 1] Done 46 barrier.
[HARNESS 1] Starting 47 barrier.
[HARNESS 1] Done 47 barrier.
[HARNESS 1] Starting 48 barrier.
[HARNESS 1] Done 48 barrier.
[HARNESS 1] Starting 49 barrier.
[HARNESS 1] Done 49 barrier.
[HARNESS 1] Starting 50 barrier.
[HARNESS 1] Done 50 barrier.
[HARNESS 1] Starting 51 barrier.
[HARNESS 1] Done 51 barrier.
[HARNESS 1] Starting 52 barrier.
[HARNESS 1] Done 52 barrier.
[HARNESS 1] Starting 53 barrier.
[HARNESS 1] Done 53 barrier.
[HARNESS 1] Starting 54 barrier.
[HARNESS 1] Done 54 barrier.
[HARNESS 1] Starting 55 barrier.
[HARNESS 1] Done 55 barrier.
[HARNESS 1] Starting 56 barrier.
[HARNESS 1] Done 56 barrier.
[HARNESS 1] Starting 57 barrier.
[HARNESS 1] Done 57 barrier.
[HARNESS 1] Starting 58 barrier.
[HARNESS 1] Done 58 barrier.
[HARNESS 1] Starting 59 barrier.
[HARNESS 1] Done 59 barrier.
[HARNESS 1] Starting 60 barrier.
[HARNESS 1] Done 60 barrier.
[HARNESS 1] Starting 61 barrier.
[HARNESS 1] Done 61 barrier.
[HARNESS 1] Starting 62 barrier.
[HARNESS 1] Done 62 barrier.
[HARNESS 1] Starting 63 barrier.
[HARNESS 1] Done 63 barrier.
[HARNESS 1] Starting 64 barrier.
[HARNESS 1] Done 64 barrier.
[HARNESS 1] Starting 65 barrier.
[HARNESS 1] Done 65 barrier.
[HARNESS 1] Starting 66 barrier.
[HARNESS 1] Done 66 barrier.
[HARNESS 1] Starting 67 barrier.
[HARNESS 1] Done 67 barrier.
[HARNESS 1] Starting 68 barrier.
[HARNESS 1] Done 68 barrier.
[HARNESS 1] Starting 69 barrier.
[HARNESS 1] Done 69 barrier.
[HARNESS 1] Starting 70 barrier.
[HARNESS 1] Done 70 barrier.
[HARNESS 1] Starting 71 barrier.
[HARNESS 1] Done 71 barrier.
[HARNESS 1] Starting 72 barrier.
[HARNESS 1] Done 72 barrier.
[HARNESS 1] Starting 73 barrier.
[HARNESS 1] Done 73 barrier.
[HARNESS 1] Starting 74 barrier.
[HARNESS 1] Done 74 barrier.
[HARNESS 1] Starting 75 barrier.
[HARNESS 1] Done 75 barrier.
[HARNESS 1] Starting 76 barrier.
[HARNESS 1] Done 76 barrier.
[HARNESS 1] Starting 77 barrier.
[HARNESS 1] Done 77 barrier.
[HARNESS 1] Starting 78 barrier.
[HARNESS 1] Done 78 barrier.
[HARNESS 1] Starting 79 barrier.
[HARNESS 1] Done 79 barrier.
[HARNESS 1] Starting 80 barrier.
[HARNESS 1] Done 80 barrier.
[HARNESS 1] Starting 81 barrier.
[HARNESS 1] Done 81 barrier.
[HARNESS 1] Starting 82 barrier.
[HARNESS 1] Done 82 barrier.
[HARNESS 1] Starting 83 barrier.
[HARNESS 1] Done 83 barrier.
[HARNESS 1] Starting 84 barrier.
[HARNESS 1] Done 84 barrier.
[HARNESS 1] Starting 85 barrier.
[HARNESS 1] Done 85 barrier.
[HARNESS 1] Starting 86 barrier.
[HARNESS 1] Done 86 barrier.
[HARNESS 1] Starting 87 barrier.
[HARNESS 1] Done 87 barrier.
[HARNESS 1] Starting 88 barrier.
[HARNESS 1] Done 88 barrier.
[HARNESS 1] Starting 89 barrier.
[HARNESS 1] Done 89 barrier.
[HARNESS 1] Starting 90 barrier.
[HARNESS 1] Done 90 barrier.
[HARNESS 1] Starting 91 barrier.
[HARNESS 1] Done 91 barrier.
[HARNESS 1] Starting 92 barrier.
[HARNESS 1] Done 92 barrier.
[HARNESS 1] Starting 93 barrier.
[HARNESS 1] Done 93 barrier.
[HARNESS 1] Starting 94 barrier.
[HARNESS 1] Done 94 barrier.
[HARNESS 1] Starting 95 barrier.
[HARNESS 1] Done 95 barrier.
[HARNESS 1] Starting 96 barrier.
[HARNESS 1] Done 96 barrier.
[HARNESS 1] Starting 97 barrier.
[HARNESS 1] Done 97 barrier.
[HARNESS 1] Starting 98 barrier.
[HARNESS 1] Done 98 barrier.
[HARNESS 1] Starting 99 barrier.
[HARNESS 1] Done 99 barrier.
-1,1,51.5000000000
[mpiexec@atl1-1-02-003-19-l.pace.gatech.edu] HYDT_bscd_pbs_wait_for_completion (tools/bootstrap/external/pbs_wait.c:67): tm_poll(obit_event) failed with TM error 17001
[mpiexec@atl1-1-02-003-19-l.pace.gatech.edu] HYDT_bsci_wait_for_completion (tools/bootstrap/src/bsci_wait.c:23): launcher returned error waiting for completion
[mpiexec@atl1-1-02-003-19-l.pace.gatech.edu] HYD_pmci_wait_for_completion (pm/pmiserv/pmiserv_pmci.c:218): launcher returned error waiting for completion
[mpiexec@atl1-1-02-003-19-l.pace.gatech.edu] main (ui/mpich/mpiexec.c:340): process manager error waiting for completion
---------------------------------------
Begin PBS Epilogue Sat Oct 16 17:24:46 EDT 2021
Job ID:     175214.sched-coc-ice.pace.gatech.edu
User ID:    ssangle6
Job name:   mpi-example-2p.pbs
Resources:  nodes=1:ppn=1+1:ppn=1,pmem=1gb,walltime=00:05:00,neednodes=1:ppn=1+1:ppn=1
Rsrc Used:  cput=00:00:02,vmem=833688kb,walltime=00:00:26,mem=27564kb,energy_used=0
Queue:      coc-ice
Nodes:     
atl1-1-02-003-19-l.pace.gatech.edu atl1-1-02-003-19-r.pace.gatech.edu
End PBS Epilogue Sat Oct 16 17:24:46 EDT 2021
---------------------------------------
